Archive member included to satisfy reference by file (symbol)

c:/st/stm32cubeide_1.6.0/stm32cubeide/plugins/com.st.stm32cube.ide.mcu.externaltools.gnu-tools-for-stm32.9-2020-q2-update.win32_1.5.0.202011040924/tools/bin/../lib/gcc/arm-none-eabi/9.3.1/../../../../arm-none-eabi/lib/thumb/v7e-m+fp/hard\libc_nano.a(lib_a-errno.o)
                              Core/Src/syscalls.o (__errno)
c:/st/stm32cubeide_1.6.0/stm32cubeide/plugins/com.st.stm32cube.ide.mcu.externaltools.gnu-tools-for-stm32.9-2020-q2-update.win32_1.5.0.202011040924/tools/bin/../lib/gcc/arm-none-eabi/9.3.1/../../../../arm-none-eabi/lib/thumb/v7e-m+fp/hard\libc_nano.a(lib_a-exit.o)
                              c:/st/stm32cubeide_1.6.0/stm32cubeide/plugins/com.st.stm32cube.ide.mcu.externaltools.gnu-tools-for-stm32.9-2020-q2-update.win32_1.5.0.202011040924/tools/bin/../lib/gcc/arm-none-eabi/9.3.1/../../../../arm-none-eabi/lib/thumb/v7e-m+fp/hard/crt0.o (exit)
c:/st/stm32cubeide_1.6.0/stm32cubeide/plugins/com.st.stm32cube.ide.mcu.externaltools.gnu-tools-for-stm32.9-2020-q2-update.win32_1.5.0.202011040924/tools/bin/../lib/gcc/arm-none-eabi/9.3.1/../../../../arm-none-eabi/lib/thumb/v7e-m+fp/hard\libc_nano.a(lib_a-impure.o)
                              c:/st/stm32cubeide_1.6.0/stm32cubeide/plugins/com.st.stm32cube.ide.mcu.externaltools.gnu-tools-for-stm32.9-2020-q2-update.win32_1.5.0.202011040924/tools/bin/../lib/gcc/arm-none-eabi/9.3.1/../../../../arm-none-eabi/lib/thumb/v7e-m+fp/hard\libc_nano.a(lib_a-exit.o) (_global_impure_ptr)
c:/st/stm32cubeide_1.6.0/stm32cubeide/plugins/com.st.stm32cube.ide.mcu.externaltools.gnu-tools-for-stm32.9-2020-q2-update.win32_1.5.0.202011040924/tools/bin/../lib/gcc/arm-none-eabi/9.3.1/../../../../arm-none-eabi/lib/thumb/v7e-m+fp/hard\libc_nano.a(lib_a-init.o)
                              c:/st/stm32cubeide_1.6.0/stm32cubeide/plugins/com.st.stm32cube.ide.mcu.externaltools.gnu-tools-for-stm32.9-2020-q2-update.win32_1.5.0.202011040924/tools/bin/../lib/gcc/arm-none-eabi/9.3.1/../../../../arm-none-eabi/lib/thumb/v7e-m+fp/hard/crt0.o (__libc_init_array)
c:/st/stm32cubeide_1.6.0/stm32cubeide/plugins/com.st.stm32cube.ide.mcu.externaltools.gnu-tools-for-stm32.9-2020-q2-update.win32_1.5.0.202011040924/tools/bin/../lib/gcc/arm-none-eabi/9.3.1/../../../../arm-none-eabi/lib/thumb/v7e-m+fp/hard\libc_nano.a(lib_a-memset.o)
                              c:/st/stm32cubeide_1.6.0/stm32cubeide/plugins/com.st.stm32cube.ide.mcu.externaltools.gnu-tools-for-stm32.9-2020-q2-update.win32_1.5.0.202011040924/tools/bin/../lib/gcc/arm-none-eabi/9.3.1/../../../../arm-none-eabi/lib/thumb/v7e-m+fp/hard/crt0.o (memset)
c:/st/stm32cubeide_1.6.0/stm32cubeide/plugins/com.st.stm32cube.ide.mcu.externaltools.gnu-tools-for-stm32.9-2020-q2-update.win32_1.5.0.202011040924/tools/bin/../lib/gcc/arm-none-eabi/9.3.1/../../../../arm-none-eabi/lib/thumb/v7e-m+fp/hard\libc_nano.a(lib_a-sprintf.o)
                              Core/Src/lcd.o (sprintf)
c:/st/stm32cubeide_1.6.0/stm32cubeide/plugins/com.st.stm32cube.ide.mcu.externaltools.gnu-tools-for-stm32.9-2020-q2-update.win32_1.5.0.202011040924/tools/bin/../lib/gcc/arm-none-eabi/9.3.1/../../../../arm-none-eabi/lib/thumb/v7e-m+fp/hard\libc_nano.a(lib_a-nano-svfprintf.o)
                              c:/st/stm32cubeide_1.6.0/stm32cubeide/plugins/com.st.stm32cube.ide.mcu.externaltools.gnu-tools-for-stm32.9-2020-q2-update.win32_1.5.0.202011040924/tools/bin/../lib/gcc/arm-none-eabi/9.3.1/../../../../arm-none-eabi/lib/thumb/v7e-m+fp/hard\libc_nano.a(lib_a-sprintf.o) (_svfprintf_r)
c:/st/stm32cubeide_1.6.0/stm32cubeide/plugins/com.st.stm32cube.ide.mcu.externaltools.gnu-tools-for-stm32.9-2020-q2-update.win32_1.5.0.202011040924/tools/bin/../lib/gcc/arm-none-eabi/9.3.1/../../../../arm-none-eabi/lib/thumb/v7e-m+fp/hard\libc_nano.a(lib_a-nano-vfprintf_i.o)
                              c:/st/stm32cubeide_1.6.0/stm32cubeide/plugins/com.st.stm32cube.ide.mcu.externaltools.gnu-tools-for-stm32.9-2020-q2-update.win32_1.5.0.202011040924/tools/bin/../lib/gcc/arm-none-eabi/9.3.1/../../../../arm-none-eabi/lib/thumb/v7e-m+fp/hard\libc_nano.a(lib_a-nano-svfprintf.o) (_printf_i)
c:/st/stm32cubeide_1.6.0/stm32cubeide/plugins/com.st.stm32cube.ide.mcu.externaltools.gnu-tools-for-stm32.9-2020-q2-update.win32_1.5.0.202011040924/tools/bin/../lib/gcc/arm-none-eabi/9.3.1/../../../../arm-none-eabi/lib/thumb/v7e-m+fp/hard\libc_nano.a(lib_a-memchr.o)
                              c:/st/stm32cubeide_1.6.0/stm32cubeide/plugins/com.st.stm32cube.ide.mcu.externaltools.gnu-tools-for-stm32.9-2020-q2-update.win32_1.5.0.202011040924/tools/bin/../lib/gcc/arm-none-eabi/9.3.1/../../../../arm-none-eabi/lib/thumb/v7e-m+fp/hard\libc_nano.a(lib_a-nano-svfprintf.o) (memchr)
c:/st/stm32cubeide_1.6.0/stm32cubeide/plugins/com.st.stm32cube.ide.mcu.externaltools.gnu-tools-for-stm32.9-2020-q2-update.win32_1.5.0.202011040924/tools/bin/../lib/gcc/arm-none-eabi/9.3.1/../../../../arm-none-eabi/lib/thumb/v7e-m+fp/hard\libc_nano.a(lib_a-memcpy-stub.o)
[...]
Memory Configuration

Name             Origin             Length             Attributes
RAM              0x0000000020000000 0x0000000000050000 xrw
FLASH            0x0000000008000000 0x0000000000100000 xr
*default*        0x0000000000000000 0xffffffffffffffff

Linker script and memory map

LOAD c:/st/stm32cubeide_1.6.0/stm32cubeide/plugins/com.st.stm32cube.ide.mcu.externaltools.gnu-tools-for-stm32.9-2020-q2-update.win32_1.5.0.202011040924/tools/bin/../lib/gcc/arm-none-eabi/9.3.1/thumb/v7e-m+fp/hard/crti.o
LOAD c:/st/stm32cubeide_1.6.0/stm32cubeide/plugins/com.st.stm32cube.ide.mcu.externaltools.gnu-tools-for-stm32.9-2020-q2-update.win32_1.5.0.202011040924/tools/bin/../lib/gcc/arm-none-eabi/9.3.1/thumb/v7e-m+fp/hard/crtbegin.o
LOAD c:/st/stm32cubeide_1.6.0/stm32cubeide/plugins/com.st.stm32cube.ide.mcu.externaltools.gnu-tools-for-stm32.9-2020-q2-update.win32_1.5.0.202011040924/tools/bin/../lib/gcc/arm-none-eabi/9.3.1/../../../../arm-none-eabi/lib/thumb/v7e-m+fp/hard/crt0.o
LOAD Core/Src/lcd.o
LOAD Core/Src/main.o
LOAD Core/Src/matrix.o
LOAD Core/Src/stm32f7xx_hal_msp.o
LOAD Core/Src/stm32f7xx_it.o
LOAD Core/Src/syscalls.o
LOAD Core/Src/sysmem.o
LOAD Core/Src/system_stm32f7xx.o
LOAD Core/Startup/startup_stm32f756zgtx.o
LOAD Drivers/STM32F7xx_HAL_Driver/Src/stm32f7xx_hal.o
LOAD Drivers/STM32F7xx_HAL_Driver/Src/stm32f7xx_hal_adc.o
LOAD Drivers/STM32F7xx_HAL_Driver/Src/stm32f7xx_hal_adc_ex.o
LOAD Drivers/STM32F7xx_HAL_Driver/Src/stm32f7xx_hal_cortex.o
LOAD Drivers/STM32F7xx_HAL_Driver/Src/stm32f7xx_hal_dma.o
LOAD Drivers/STM32F7xx_HAL_Driver/Src/stm32f7xx_hal_dma_ex.o
LOAD Drivers/STM32F7xx_HAL_Driver/Src/stm32f7xx_hal_exti.o
LOAD Drivers/STM32F7xx_HAL_Driver/Src/stm32f7xx_hal_flash.o
LOAD Drivers/STM32F7xx_HAL_Driver/Src/stm32f7xx_hal_flash_ex.o
LOAD Drivers/STM32F7xx_HAL_Driver/Src/stm32f7xx_hal_gpio.o
LOAD Drivers/STM32F7xx_HAL_Driver/Src/stm32f7xx_hal_i2c.o
LOAD Drivers/STM32F7xx_HAL_Driver/Src/stm32f7xx_hal_i2c_ex.o
LOAD Drivers/STM32F7xx_HAL_Driver/Src/stm32f7xx_hal_pwr.o
LOAD Drivers/STM32F7xx_HAL_Driver/Src/stm32f7xx_hal_pwr_ex.o
LOAD Drivers/STM32F7xx_HAL_Driver/Src/stm32f7xx_hal_rcc.o
LOAD Drivers/STM32F7xx_HAL_Driver/Src/stm32f7xx_hal_rcc_ex.o
LOAD Drivers/STM32F7xx_HAL_Driver/Src/stm32f7xx_hal_tim.o
LOAD Drivers/STM32F7xx_HAL_Driver/Src/stm32f7xx_hal_tim_ex.o
LOAD Drivers/STM32F7xx_HAL_Driver/Src/stm32f7xx_hal_uart.o
LOAD Drivers/STM32F7xx_HAL_Driver/Src/stm32f7xx_hal_uart_ex.o
START GROUP
LOAD c:/st/stm32cubeide_1.6.0/stm32cubeide/plugins/com.st.stm32cube.ide.mcu.externaltools.gnu-tools-for-stm32.9-2020-q2-update.win32_1.5.0.202011040924/tools/bin/../lib/gcc/arm-none-eabi/9.3.1/../../../../arm-none-eabi/lib/thumb/v7e-m+fp/hard\libc_nano.a
LOAD c:/st/stm32cubeide_1.6.0/stm32cubeide/plugins/com.st.stm32cube.ide.mcu.externaltools.gnu-tools-for-stm32.9-2020-q2-update.win32_1.5.0.202011040924/tools/bin/../lib/gcc/arm-none-eabi/9.3.1/../../../../arm-none-eabi/lib/thumb/v7e-m+fp/hard\libm.a
END GROUP
START GROUP
LOAD c:/st/stm32cubeide_1.6.0/stm32cubeide/plugins/com.st.stm32cube.ide.mcu.externaltools.gnu-tools-for-stm32.9-2020-q2-update.win32_1.5.0.202011040924/tools/bin/../lib/gcc/arm-none-eabi/9.3.1/thumb/v7e-m+fp/hard\libgcc.a
LOAD c:/st/stm32cubeide_1.6.0/stm32cubeide/plugins/com.st.stm32cube.ide.mcu.externaltools.gnu-tools-for-stm32.9-2020-q2-update.win32_1.5.0.202011040924/tools/bin/../lib/gcc/arm-none-eabi/9.3.1/../../../../arm-none-eabi/lib/thumb/v7e-m+fp/hard\libc_nano.a
END GROUP
START GROUP
LOAD c:/st/stm32cubeide_1.6.0/stm32cubeide/plugins/com.st.stm32cube.ide.mcu.externaltools.gnu-tools-for-stm32.9-2020-q2-update.win32_1.5.0.202011040924/tools/bin/../lib/gcc/arm-none-eabi/9.3.1/thumb/v7e-m+fp/hard\libgcc.a
LOAD c:/st/stm32cubeide_1.6.0/stm32cubeide/plugins/com.st.stm32cube.ide.mcu.externaltools.gnu-tools-for-stm32.9-2020-q2-update.win32_1.5.0.202011040924/tools/bin/../lib/gcc/arm-none-eabi/9.3.1/../../../../arm-none-eabi/lib/thumb/v7e-m+fp/hard\libc_nano.a
LOAD c:/st/stm32cubeide_1.6.0/stm32cubeide/plugins/com.st.stm32cube.ide.mcu.externaltools.gnu-tools-for-stm32.9-2020-q2-update.win32_1.5.0.202011040924/tools/bin/../lib/gcc/arm-none-eabi/9.3.1/../../../../arm-none-eabi/lib/thumb/v7e-m+fp/hard\libnosys.a
END GROUP
START GROUP
LOAD c:/st/stm32cubeide_1.6.0/stm32cubeide/plugins/com.st.stm32cube.ide.mcu.externaltools.gnu-tools-for-stm32.9-2020-q2-update.win32_1.5.0.202011040924/tools/bin/../lib/gcc/arm-none-eabi/9.3.1/thumb/v7e-m+fp/hard\libgcc.a
LOAD c:/st/stm32cubeide_1.6.0/stm32cubeide/plugins/com.st.stm32cube.ide.mcu.externaltools.gnu-tools-for-stm32.9-2020-q2-update.win32_1.5.0.202011040924/tools/bin/../lib/gcc/arm-none-eabi/9.3.1/../../../../arm-none-eabi/lib/thumb/v7e-m+fp/hard\libc_nano.a
LOAD c:/st/stm32cubeide_1.6.0/stm32cubeide/plugins/com.st.stm32cube.ide.mcu.externaltools.gnu-tools-for-stm32.9-2020-q2-update.win32_1.5.0.202011040924/tools/bin/../lib/gcc/arm-none-eabi/9.3.1/../../../../arm-none-eabi/lib/thumb/v7e-m+fp/hard\libnosys.a
END GROUP
LOAD c:/st/stm32cubeide_1.6.0/stm32cubeide/plugins/com.st.stm32cube.ide.mcu.externaltools.gnu-tools-for-stm32.9-2020-q2-update.win32_1.5.0.202011040924/tools/bin/../lib/gcc/arm-none-eabi/9.3.1/thumb/v7e-m+fp/hard/crtend.o
LOAD c:/st/stm32cubeide_1.6.0/stm32cubeide/plugins/com.st.stm32cube.ide.mcu.externaltools.gnu-tools-for-stm32.9-2020-q2-update.win32_1.5.0.202011040924/tools/bin/../lib/gcc/arm-none-eabi/9.3.1/thumb/v7e-m+fp/hard/crtn.o
                0x0000000020050000                _estack = (ORIGIN (RAM) + LENGTH (RAM))
                0x0000000000000200                _Min_Heap_Size = 0x200
                0x0000000000000400                _Min_Stack_Size = 0x400

.isr_vector     0x0000000008000000      0x1c8
                0x0000000008000000                . = ALIGN (0x4)
 *(.isr_vector)
 .isr_vector    0x0000000008000000      0x1c8 Core/Startup/startup_stm32f756zgtx.o
                0x0000000008000000                g_pfnVectors
                0x00000000080001c8                . = ALIGN (0x4)

.text           0x00000000080001d0     0x4480
                0x00000000080001d0                . = ALIGN (0x4)
 *(.text)
 .text          0x00000000080001d0       0x40 c:/st/stm32cubeide_1.6.0/stm32cubeide/plugins/com.st.stm32cube.ide.mcu.externaltools.gnu-tools-for-stm32.9-2020-q2-update.win32_1.5.0.202011040924/tools/bin/../lib/gcc/arm-none-eabi/9.3.1/thumb/v7e-m+fp/hard/crtbegin.o
 .text          0x0000000008000210       0xa0 c:/st/stm32cubeide_1.6.0/stm32cubeide/plugins/com.st.stm32cube.ide.mcu.externaltools.gnu-tools-for-stm32.9-2020-q2-update.win32_1.5.0.202011040924/tools/bin/../lib/gcc/arm-none-eabi/9.3.1/../../../../arm-none-eabi/lib/thumb/v7e-m+fp/hard\libc_nano.a(lib_a-memchr.o)
                0x0000000008000210                memchr
 .text          0x00000000080002b0       0x30 c:/st/stm32cubeide_1.6.0/stm32cubeide/plugins/com.st.stm32cube.ide.mcu.externaltools.gnu-tools-for-stm32.9-2020-q2-update.win32_1.5.0.202011040924/tools/bin/../lib/gcc/arm-none-eabi/9.3.1/thumb/v7e-m+fp/hard\libgcc.a(_aeabi_uldivmod.o)
                0x00000000080002b0                __aeabi_uldivmod
 .text          0x00000000080002e0      0x2c4 c:/st/stm32cubeide_1.6.0/stm32cubeide/plugins/com.st.stm32cube.ide.mcu.externaltools.gnu-tools-for-stm32.9-2020-q2-update.win32_1.5.0.202011040924/tools/bin/../lib/gcc/arm-none-eabi/9.3.1/thumb/v7e-m+fp/hard\libgcc.a(_udivmoddi4.o)
                0x00000000080002e0                __udivmoddi4
 .text          0x00000000080005a4        0x4 c:/st/stm32cubeide_1.6.0/stm32cubeide/plugins/com.st.stm32cube.ide.mcu.externaltools.gnu-tools-for-stm32.9-2020-q2-update.win32_1.5.0.202011040924/tools/bin/../lib/gcc/arm-none-eabi/9.3.1/thumb/v7e-m+fp/hard\libgcc.a(_dvmd_tls.o)
                0x00000000080005a4                __aeabi_idiv0
                0x00000000080005a4                __aeabi_ldiv0
 *(.text*)
 .text.LCD_clock
                0x00000000080005a8       0x38 Core/Src/lcd.o
                0x00000000080005a8                LCD_clock
 .text.LCD_write
                0x00000000080005e0       0xd8 Core/Src/lcd.o
                0x00000000080005e0                LCD_write
 .text.LCD_data
                0x00000000080006b8       0x28 Core/Src/lcd.o
                0x00000000080006b8                LCD_data
 .text.LCD_cmd  0x00000000080006e0       0x28 Core/Src/lcd.o
                0x00000000080006e0                LCD_cmd
 .text.LCD_init
                0x0000000008000708       0x3e Core/Src/lcd.o
                0x0000000008000708                LCD_init
 .text.LCD_string
                0x0000000008000746       0x2a Core/Src/lcd.o
                0x0000000008000746                LCD_string
 .text.LCD_xy   0x0000000008000770       0x64 Core/Src/lcd.o
                0x0000000008000770                LCD_xy
 .text.LCD_num  0x00000000080007d4       0x30 Core/Src/lcd.o
                0x00000000080007d4                LCD_num
 .text.LCD_ki   0x0000000008000804      0x10c Core/Src/main.o
                0x0000000008000804                LCD_ki
 .text.main     0x0000000008000910      0x1e0 Core/Src/main.o
                0x0000000008000910                main
 .text.SystemClock_Config
                0x0000000008000af0       0xf4 Core/Src/main.o
                0x0000000008000af0                SystemClock_Config
 .text.MX_ADC1_Init
                0x0000000008000be4       0xa4 Core/Src/main.o
 .text.MX_USART3_UART_Init
                0x0000000008000c88       0x60 Core/Src/main.o
 .text.MX_GPIO_Init
                0x0000000008000ce8      0x1a0 Core/Src/main.o
 .text.Error_Handler
                0x0000000008000e88        0xa Core/Src/main.o
                0x0000000008000e88                Error_Handler
 *fill*         0x0000000008000e92        0x2 
 .text.matrix_row
                0x0000000008000e94       0x6c Core/Src/matrix.o
                0x0000000008000e94                matrix_row
 .text.matrix_scann
                0x0000000008000f00       0x5c Core/Src/matrix.o
                0x0000000008000f00                matrix_scann
 .text.matrix_search
                0x0000000008000f5c       0x98 Core/Src/matrix.o
                0x0000000008000f5c                matrix_search
 .text.get_key  0x0000000008000ff4       0x18 Core/Src/matrix.o
                0x0000000008000ff4                get_key
 .text.HAL_MspInit
                0x000000000800100c       0x48 Core/Src/stm32f7xx_hal_msp.o
                0x000000000800100c                HAL_MspInit
 .text.HAL_ADC_MspInit
                0x0000000008001054       0x80 Core/Src/stm32f7xx_hal_msp.o
                0x0000000008001054                HAL_ADC_MspInit
 .text.HAL_UART_MspInit
                0x00000000080010d4       0x98 Core/Src/stm32f7xx_hal_msp.o
                0x00000000080010d4                HAL_UART_MspInit
 .text.NMI_Handler
                0x000000000800116c        0x6 Core/Src/stm32f7xx_it.o
                0x000000000800116c                NMI_Handler
 .text.HardFault_Handler
                0x0000000008001172        0x6 Core/Src/stm32f7xx_it.o
                0x0000000008001172                HardFault_Handler
 .text.MemManage_Handler
                0x0000000008001178        0x6 Core/Src/stm32f7xx_it.o
                0x0000000008001178                MemManage_Handler
 .text.BusFault_Handler
                0x000000000800117e        0x6 Core/Src/stm32f7xx_it.o
                0x000000000800117e                BusFault_Handler
 .text.UsageFault_Handler
                0x0000000008001184        0x6 Core/Src/stm32f7xx_it.o
                0x0000000008001184                UsageFault_Handler
 .text.SVC_Handler
                0x000000000800118a        0xe Core/Src/stm32f7xx_it.o
                0x000000000800118a                SVC_Handler
 .text.DebugMon_Handler
                0x0000000008001198        0xe Core/Src/stm32f7xx_it.o
                0x0000000008001198                DebugMon_Handler
 .text.PendSV_Handler
                0x00000000080011a6        0xe Core/Src/stm32f7xx_it.o
                0x00000000080011a6                PendSV_Handler
 .text.SysTick_Handler
                0x00000000080011b4        0xc Core/Src/stm32f7xx_it.o
                0x00000000080011b4                SysTick_Handler
 .text.USART3_IRQHandler
                0x00000000080011c0       0x14 Core/Src/stm32f7xx_it.o
                0x00000000080011c0                USART3_IRQHandler
 .text._sbrk    0x00000000080011d4       0x6c Core/Src/sysmem.o
                0x00000000080011d4                _sbrk
 .text.SystemInit
                0x0000000008001240       0x24 Core/Src/system_stm32f7xx.o
                0x0000000008001240                SystemInit
 .text.Reset_Handler
                0x0000000008001264       0x50 Core/Startup/startup_stm32f756zgtx.o
                0x0000000008001264                Reset_Handler
 .text.Default_Handler
                0x00000000080012b4        0x2 Core/Startup/startup_stm32f756zgtx.o
                0x00000000080012b4                RTC_Alarm_IRQHandler
                0x00000000080012b4                HASH_RNG_IRQHandler
                0x00000000080012b4                EXTI2_IRQHandler
                0x00000000080012b4                TIM8_CC_IRQHandler
                0x00000000080012b4                UART8_IRQHandler
                0x00000000080012b4                SPI4_IRQHandler
                0x00000000080012b4                TIM1_CC_IRQHandler
                0x00000000080012b4                DMA2_Stream5_IRQHandler
                0x00000000080012b4                DMA1_Stream5_IRQHandler
                0x00000000080012b4                PVD_IRQHandler
                0x00000000080012b4                TAMP_STAMP_IRQHandler
                0x00000000080012b4                CAN2_RX1_IRQHandler
                0x00000000080012b4                EXTI3_IRQHandler
                0x00000000080012b4                TIM8_TRG_COM_TIM14_IRQHandler
                0x00000000080012b4                TIM1_UP_TIM10_IRQHandler
                0x00000000080012b4                TIM8_UP_TIM13_IRQHandler
                0x00000000080012b4                I2C3_ER_IRQHandler
                0x00000000080012b4                EXTI0_IRQHandler
                0x00000000080012b4                I2C2_EV_IRQHandler
                0x00000000080012b4                DMA1_Stream2_IRQHandler
                0x00000000080012b4                CAN1_RX0_IRQHandler
                0x00000000080012b4                FPU_IRQHandler
                0x00000000080012b4                OTG_HS_WKUP_IRQHandler
                0x00000000080012b4                LTDC_ER_IRQHandler
                0x00000000080012b4                CAN2_SCE_IRQHandler
                0x00000000080012b4                DMA2_Stream2_IRQHandler
                0x00000000080012b4                SPI1_IRQHandler
                0x00000000080012b4                TIM6_DAC_IRQHandler
                0x00000000080012b4                TIM1_BRK_TIM9_IRQHandler
                0x00000000080012b4                DCMI_IRQHandler
                0x00000000080012b4                CAN2_RX0_IRQHandler
                0x00000000080012b4                DMA2_Stream3_IRQHandler
                0x00000000080012b4                SAI2_IRQHandler
                0x00000000080012b4                USART6_IRQHandler
                0x00000000080012b4                CRYP_IRQHandler
                0x00000000080012b4                CAN1_RX1_IRQHandler
                0x00000000080012b4                UART5_IRQHandler
                0x00000000080012b4                DMA2_Stream0_IRQHandler
                0x00000000080012b4                TIM4_IRQHandler
                0x00000000080012b4                QUADSPI_IRQHandler
                0x00000000080012b4                I2C1_EV_IRQHandler
                0x00000000080012b4                DMA1_Stream6_IRQHandler
                0x00000000080012b4                DMA1_Stream1_IRQHandler
                0x00000000080012b4                UART4_IRQHandler
                0x00000000080012b4                TIM3_IRQHandler
                0x00000000080012b4                RCC_IRQHandler
                0x00000000080012b4                TIM8_BRK_TIM12_IRQHandler
                0x00000000080012b4                Default_Handler
                0x00000000080012b4                CEC_IRQHandler
                0x00000000080012b4                EXTI15_10_IRQHandler
                0x00000000080012b4                ADC_IRQHandler
                0x00000000080012b4                DMA1_Stream7_IRQHandler
                0x00000000080012b4                SPI5_IRQHandler
                0x00000000080012b4                TIM7_IRQHandler
                0x00000000080012b4                SDMMC1_IRQHandler
                0x00000000080012b4                CAN2_TX_IRQHandler
                0x00000000080012b4                TIM5_IRQHandler
                0x00000000080012b4                DMA2_Stream7_IRQHandler
                0x00000000080012b4                I2C3_EV_IRQHandler
                0x00000000080012b4                EXTI9_5_IRQHandler
                0x00000000080012b4                RTC_WKUP_IRQHandler
                0x00000000080012b4                LTDC_IRQHandler
                0x00000000080012b4                ETH_WKUP_IRQHandler
                0x00000000080012b4                SPDIF_RX_IRQHandler
                0x00000000080012b4                SPI2_IRQHandler
                0x00000000080012b4                OTG_HS_EP1_IN_IRQHandler
                0x00000000080012b4                DMA1_Stream0_IRQHandler
                0x00000000080012b4                CAN1_TX_IRQHandler
                0x00000000080012b4                EXTI4_IRQHandler
                0x00000000080012b4                ETH_IRQHandler
                0x00000000080012b4                OTG_HS_EP1_OUT_IRQHandler
                0x00000000080012b4                WWDG_IRQHandler
                0x00000000080012b4                SPI6_IRQHandler
                0x00000000080012b4                I2C4_EV_IRQHandler
                0x00000000080012b4                TIM2_IRQHandler
                0x00000000080012b4                OTG_FS_WKUP_IRQHandler
                0x00000000080012b4                TIM1_TRG_COM_TIM11_IRQHandler
                0x00000000080012b4                OTG_HS_IRQHandler
                0x00000000080012b4                DMA2D_IRQHandler
                0x00000000080012b4                EXTI1_IRQHandler
                0x00000000080012b4                UART7_IRQHandler
                0x00000000080012b4                USART2_IRQHandler
                0x00000000080012b4                I2C2_ER_IRQHandler
                0x00000000080012b4                DMA2_Stream1_IRQHandler
                0x00000000080012b4                CAN1_SCE_IRQHandler
                0x00000000080012b4                FLASH_IRQHandler
                0x00000000080012b4                DMA2_Stream4_IRQHandler
                0x00000000080012b4                USART1_IRQHandler
                0x00000000080012b4                OTG_FS_IRQHandler
                0x00000000080012b4                SPI3_IRQHandler
                0x00000000080012b4                DMA1_Stream4_IRQHandler
                0x00000000080012b4                I2C1_ER_IRQHandler
                0x00000000080012b4                FMC_IRQHandler
                0x00000000080012b4                LPTIM1_IRQHandler
                0x00000000080012b4                I2C4_ER_IRQHandler
                0x00000000080012b4                DMA2_Stream6_IRQHandler
                0x00000000080012b4                SAI1_IRQHandler
                0x00000000080012b4                DMA1_Stream3_IRQHandler
 .text.HAL_Init
                0x00000000080012b6       0x1a Drivers/STM32F7xx_HAL_Driver/Src/stm32f7xx_hal.o
                0x00000000080012b6                HAL_Init
 .text.HAL_InitTick
                0x00000000080012d0       0x60 Drivers/STM32F7xx_HAL_Driver/Src/stm32f7xx_hal.o
                0x00000000080012d0                HAL_InitTick
 .text.HAL_IncTick
                0x0000000008001330       0x28 Drivers/STM32F7xx_HAL_Driver/Src/stm32f7xx_hal.o
                0x0000000008001330                HAL_IncTick
 .text.HAL_GetTick
                0x0000000008001358       0x18 Drivers/STM32F7xx_HAL_Driver/Src/stm32f7xx_hal.o
                0x0000000008001358                HAL_GetTick
 .text.HAL_Delay
                0x0000000008001370       0x48 Drivers/STM32F7xx_HAL_Driver/Src/stm32f7xx_hal.o
                0x0000000008001370                HAL_Delay
 .text.HAL_ADC_Init
                0x00000000080013b8       0x88 Drivers/STM32F7xx_HAL_Driver/Src/stm32f7xx_hal_adc.o
                0x00000000080013b8                HAL_ADC_Init
 .text.HAL_ADC_ConfigChannel
                0x0000000008001440      0x294 Drivers/STM32F7xx_HAL_Driver/Src/stm32f7xx_hal_adc.o
                0x0000000008001440                HAL_ADC_ConfigChannel
 .text.ADC_Init
                0x00000000080016d4      0x1f4 Drivers/STM32F7xx_HAL_Driver/Src/stm32f7xx_hal_adc.o
 .text.__NVIC_SetPriorityGrouping
                0x00000000080018c8       0x48 Drivers/STM32F7xx_HAL_Driver/Src/stm32f7xx_hal_cortex.o
 .text.__NVIC_GetPriorityGrouping
                0x0000000008001910       0x1c Drivers/STM32F7xx_HAL_Driver/Src/stm32f7xx_hal_cortex.o
 .text.__NVIC_EnableIRQ
                0x000000000800192c       0x3c Drivers/STM32F7xx_HAL_Driver/Src/stm32f7xx_hal_cortex.o
 .text.__NVIC_SetPriority
                0x0000000008001968       0x54 Drivers/STM32F7xx_HAL_Driver/Src/stm32f7xx_hal_cortex.o
 .text.NVIC_EncodePriority
                0x00000000080019bc       0x66 Drivers/STM32F7xx_HAL_Driver/Src/stm32f7xx_hal_cortex.o
 *fill*         0x0000000008001a22        0x2 
 .text.SysTick_Config
                0x0000000008001a24       0x44 Drivers/STM32F7xx_HAL_Driver/Src/stm32f7xx_hal_cortex.o
 .text.HAL_NVIC_SetPriorityGrouping
                0x0000000008001a68       0x16 Drivers/STM32F7xx_HAL_Driver/Src/stm32f7xx_hal_cortex.o
                0x0000000008001a68                HAL_NVIC_SetPriorityGrouping
 .text.HAL_NVIC_SetPriority
                0x0000000008001a7e       0x38 Drivers/STM32F7xx_HAL_Driver/Src/stm32f7xx_hal_cortex.o
                0x0000000008001a7e                HAL_NVIC_SetPriority
 .text.HAL_NVIC_EnableIRQ
                0x0000000008001ab6       0x1c Drivers/STM32F7xx_HAL_Driver/Src/stm32f7xx_hal_cortex.o
                0x0000000008001ab6                HAL_NVIC_EnableIRQ
 .text.HAL_SYSTICK_Config
                0x0000000008001ad2       0x18 Drivers/STM32F7xx_HAL_Driver/Src/stm32f7xx_hal_cortex.o
                0x0000000008001ad2                HAL_SYSTICK_Config
 .text.HAL_DMA_Abort
                0x0000000008001aea       0xe0 Drivers/STM32F7xx_HAL_Driver/Src/stm32f7xx_hal_dma.o
                0x0000000008001aea                HAL_DMA_Abort
 .text.HAL_DMA_Abort_IT
                0x0000000008001bca       0x44 Drivers/STM32F7xx_HAL_Driver/Src/stm32f7xx_hal_dma.o
                0x0000000008001bca                HAL_DMA_Abort_IT
 *fill*         0x0000000008001c0e        0x2 
 .text.HAL_GPIO_Init
                0x0000000008001c10      0x358 Drivers/STM32F7xx_HAL_Driver/Src/stm32f7xx_hal_gpio.o
                0x0000000008001c10                HAL_GPIO_Init
 .text.HAL_GPIO_ReadPin
                0x0000000008001f68       0x30 Drivers/STM32F7xx_HAL_Driver/Src/stm32f7xx_hal_gpio.o
                0x0000000008001f68                HAL_GPIO_ReadPin
 .text.HAL_GPIO_WritePin
                0x0000000008001f98       0x32 Drivers/STM32F7xx_HAL_Driver/Src/stm32f7xx_hal_gpio.o
                0x0000000008001f98                HAL_GPIO_WritePin
 *fill*         0x0000000008001fca        0x2 
 .text.HAL_RCC_OscConfig
                0x0000000008001fcc      0x548 Drivers/STM32F7xx_HAL_Driver/Src/stm32f7xx_hal_rcc.o
                0x0000000008001fcc                HAL_RCC_OscConfig
 .text.HAL_RCC_ClockConfig
                0x0000000008002514      0x1d8 Drivers/STM32F7xx_HAL_Driver/Src/stm32f7xx_hal_rcc.o
                0x0000000008002514                HAL_RCC_ClockConfig
 .text.HAL_RCC_GetSysClockFreq
                0x00000000080026ec      0x16c Drivers/STM32F7xx_HAL_Driver/Src/stm32f7xx_hal_rcc.o
                0x00000000080026ec                HAL_RCC_GetSysClockFreq
 .text.HAL_RCC_GetHCLKFreq
                0x0000000008002858       0x18 Drivers/STM32F7xx_HAL_Driver/Src/stm32f7xx_hal_rcc.o
                0x0000000008002858                HAL_RCC_GetHCLKFreq
 .text.HAL_RCC_GetPCLK1Freq
                0x0000000008002870       0x28 Drivers/STM32F7xx_HAL_Driver/Src/stm32f7xx_hal_rcc.o
                0x0000000008002870                HAL_RCC_GetPCLK1Freq
 .text.HAL_RCC_GetPCLK2Freq
                0x0000000008002898       0x28 Drivers/STM32F7xx_HAL_Driver/Src/stm32f7xx_hal_rcc.o
                0x0000000008002898                HAL_RCC_GetPCLK2Freq
 .text.HAL_RCCEx_PeriphCLKConfig
                0x00000000080028c0      0x7e0 Drivers/STM32F7xx_HAL_Driver/Src/stm32f7xx_hal_rcc_ex.o
                0x00000000080028c0                HAL_RCCEx_PeriphCLKConfig
 .text.HAL_UART_Init
                0x00000000080030a0       0x9c Drivers/STM32F7xx_HAL_Driver/Src/stm32f7xx_hal_uart.o
                0x00000000080030a0                HAL_UART_Init
 .text.HAL_UART_IRQHandler
                0x000000000800313c      0x3d8 Drivers/STM32F7xx_HAL_Driver/Src/stm32f7xx_hal_uart.o
                0x000000000800313c                HAL_UART_IRQHandler
 .text.HAL_UART_TxCpltCallback
                0x0000000008003514       0x14 Drivers/STM32F7xx_HAL_Driver/Src/stm32f7xx_hal_uart.o
                0x0000000008003514                HAL_UART_TxCpltCallback
 .text.HAL_UART_ErrorCallback
                0x0000000008003528       0x14 Drivers/STM32F7xx_HAL_Driver/Src/stm32f7xx_hal_uart.o
                0x0000000008003528                HAL_UART_ErrorCallback
 .text.HAL_UARTEx_RxEventCallback
                0x000000000800353c       0x18 Drivers/STM32F7xx_HAL_Driver/Src/stm32f7xx_hal_uart.o
                0x000000000800353c                HAL_UARTEx_RxEventCallback
 .text.UART_SetConfig
                0x0000000008003554      0x4c4 Drivers/STM32F7xx_HAL_Driver/Src/stm32f7xx_hal_uart.o
                0x0000000008003554                UART_SetConfig
 .text.UART_AdvFeatureConfig
                0x0000000008003a18      0x144 Drivers/STM32F7xx_HAL_Driver/Src/stm32f7xx_hal_uart.o
                0x0000000008003a18                UART_AdvFeatureConfig
 .text.UART_CheckIdleState
                0x0000000008003b5c       0x66 Drivers/STM32F7xx_HAL_Driver/Src/stm32f7xx_hal_uart.o
                0x0000000008003b5c                UART_CheckIdleState
 .text.UART_WaitOnFlagUntilTimeout
                0x0000000008003bc2       0xf8 Drivers/STM32F7xx_HAL_Driver/Src/stm32f7xx_hal_uart.o
                0x0000000008003bc2                UART_WaitOnFlagUntilTimeout
 .text.UART_EndRxTransfer
                0x0000000008003cba       0x5e Drivers/STM32F7xx_HAL_Driver/Src/stm32f7xx_hal_uart.o
 .text.UART_DMAAbortOnError
                0x0000000008003d18       0x2c Drivers/STM32F7xx_HAL_Driver/Src/stm32f7xx_hal_uart.o
 .text.UART_EndTransmit_IT
                0x0000000008003d44       0x32 Drivers/STM32F7xx_HAL_Driver/Src/stm32f7xx_hal_uart.o
 *fill*         0x0000000008003d76        0x2 
 .text.__errno  0x0000000008003d78        0xc c:/st/stm32cubeide_1.6.0/stm32cubeide/plugins/com.st.stm32cube.ide.mcu.externaltools.gnu-tools-for-stm32.9-2020-q2-update.win32_1.5.0.202011040924/tools/bin/../lib/gcc/arm-none-eabi/9.3.1/../../../../arm-none-eabi/lib/thumb/v7e-m+fp/hard\libc_nano.a(lib_a-errno.o)
                0x0000000008003d78                __errno
 .text.__libc_init_array
                0x0000000008003d84       0x48 c:/st/stm32cubeide_1.6.0/stm32cubeide/plugins/com.st.stm32cube.ide.mcu.externaltools.gnu-tools-for-stm32.9-2020-q2-update.win32_1.5.0.202011040924/tools/bin/../lib/gcc/arm-none-eabi/9.3.1/../../../../arm-none-eabi/lib/thumb/v7e-m+fp/hard\libc_nano.a(lib_a-init.o)
                0x0000000008003d84                __libc_init_array
 .text.memset   0x0000000008003dcc       0x10 c:/st/stm32cubeide_1.6.0/stm32cubeide/plugins/com.st.stm32cube.ide.mcu.externaltools.gnu-tools-for-stm32.9-2020-q2-update.win32_1.5.0.202011040924/tools/bin/../lib/gcc/arm-none-eabi/9.3.1/../../../../arm-none-eabi/lib/thumb/v7e-m+fp/hard\libc_nano.a(lib_a-memset.o)
                0x0000000008003dcc                memset
 .text.sprintf  0x0000000008003ddc       0x40 c:/st/stm32cubeide_1.6.0/stm32cubeide/plugins/com.st.stm32cube.ide.mcu.externaltools.gnu-tools-for-stm32.9-2020-q2-update.win32_1.5.0.202011040924/tools/bin/../lib/gcc/arm-none-eabi/9.3.1/../../../../arm-none-eabi/lib/thumb/v7e-m+fp/hard\libc_nano.a(lib_a-sprintf.o)
                0x0000000008003ddc                siprintf
                0x0000000008003ddc                sprintf
 .text.__ssputs_r
                0x0000000008003e1c       0xb6 c:/st/stm32cubeide_1.6.0/stm32cubeide/plugins/com.st.stm32cube.ide.mcu.externaltools.gnu-tools-for-stm32.9-2020-q2-update.win32_1.5.0.202011040924/tools/bin/../lib/gcc/arm-none-eabi/9.3.1/../../../../arm-none-eabi/lib/thumb/v7e-m+fp/hard\libc_nano.a(lib_a-nano-svfprintf.o)
                0x0000000008003e1c                __ssputs_r
 *fill*         0x0000000008003ed2        0x2 
 .text._svfprintf_r
                0x0000000008003ed4      0x200 c:/st/stm32cubeide_1.6.0/stm32cubeide/plugins/com.st.stm32cube.ide.mcu.externaltools.gnu-tools-for-stm32.9-2020-q2-update.win32_1.5.0.202011040924/tools/bin/../lib/gcc/arm-none-eabi/9.3.1/../../../../arm-none-eabi/lib/thumb/v7e-m+fp/hard\libc_nano.a(lib_a-nano-svfprintf.o)
                0x0000000008003ed4                _svfiprintf_r
                0x0000000008003ed4                _svfprintf_r
 .text._printf_common
                0x00000000080040d4       0xda c:/st/stm32cubeide_1.6.0/stm32cubeide/plugins/com.st.stm32cube.ide.mcu.externaltools.gnu-tools-for-stm32.9-2020-q2-update.win32_1.5.0.202011040924/tools/bin/../lib/gcc/arm-none-eabi/9.3.1/../../../../arm-none-eabi/lib/thumb/v7e-m+fp/hard\libc_nano.a(lib_a-nano-vfprintf_i.o)
                0x00000000080040d4                _printf_common
 *fill*         0x00000000080041ae        0x2 
 .text._printf_i
                0x00000000080041b0      0x24c c:/st/stm32cubeide_1.6.0/stm32cubeide/plugins/com.st.stm32cube.ide.mcu.externaltools.gnu-tools-for-stm32.9-2020-q2-update.win32_1.5.0.202011040924/tools/bin/../lib/gcc/arm-none-eabi/9.3.1/../../../../arm-none-eabi/lib/thumb/v7e-m+fp/hard\libc_nano.a(lib_a-nano-vfprintf_i.o)
                0x00000000080041b0                _printf_i
 .text.memcpy   0x00000000080043fc       0x1c c:/st/stm32cubeide_1.6.0/stm32cubeide/plugins/com.st.stm32cube.ide.mcu.externaltools.gnu-tools-for-stm32.9-2020-q2-update.win32_1.5.0.202011040924/tools/bin/../lib/gcc/arm-none-eabi/9.3.1/../../../../arm-none-eabi/lib/thumb/v7e-m+fp/hard\libc_nano.a(lib_a-memcpy-stub.o)
                0x00000000080043fc                memcpy
 .text.memmove  0x0000000008004418       0x34 c:/st/stm32cubeide_1.6.0/stm32cubeide/plugins/com.st.stm32cube.ide.mcu.externaltools.gnu-tools-for-stm32.9-2020-q2-update.win32_1.5.0.202011040924/tools/bin/../lib/gcc/arm-none-eabi/9.3.1/../../../../arm-none-eabi/lib/thumb/v7e-m+fp/hard\libc_nano.a(lib_a-memmove.o)
                0x0000000008004418                memmove
 .text._free_r  0x000000000800444c       0xa0 c:/st/stm32cubeide_1.6.0/stm32cubeide/plugins/com.st.stm32cube.ide.mcu.externaltools.gnu-tools-for-stm32.9-2020-q2-update.win32_1.5.0.202011040924/tools/bin/../lib/gcc/arm-none-eabi/9.3.1/../../../../arm-none-eabi/lib/thumb/v7e-m+fp/hard\libc_nano.a(lib_a-nano-freer.o)
                0x000000000800444c                _free_r
 .text._malloc_r
                0x00000000080044ec       0xb4 c:/st/stm32cubeide_1.6.0/stm32cubeide/plugins/com.st.stm32cube.ide.mcu.externaltools.gnu-tools-for-stm32.9-2020-q2-update.win32_1.5.0.202011040924/tools/bin/../lib/gcc/arm-none-eabi/9.3.1/../../../../arm-none-eabi/lib/thumb/v7e-m+fp/hard\libc_nano.a(lib_a-nano-mallocr.o)
                0x00000000080044ec                _malloc_r
 .text._realloc_r
                0x00000000080045a0       0x4c c:/st/stm32cubeide_1.6.0/stm32cubeide/plugins/com.st.stm32cube.ide.mcu.externaltools.gnu-tools-for-stm32.9-2020-q2-update.win32_1.5.0.202011040924/tools/bin/../lib/gcc/arm-none-eabi/9.3.1/../../../../arm-none-eabi/lib/thumb/v7e-m+fp/hard\libc_nano.a(lib_a-nano-reallocr.o)
                0x00000000080045a0                _realloc_r
 .text._sbrk_r  0x00000000080045ec       0x20 c:/st/stm32cubeide_1.6.0/stm32cubeide/plugins/com.st.stm32cube.ide.mcu.externaltools.gnu-tools-for-stm32.9-2020-q2-update.win32_1.5.0.202011040924/tools/bin/../lib/gcc/arm-none-eabi/9.3.1/../../../../arm-none-eabi/lib/thumb/v7e-m+fp/hard\libc_nano.a(lib_a-sbrkr.o)
                0x00000000080045ec                _sbrk_r
 .text.__malloc_lock
                0x000000000800460c        0xc c:/st/stm32cubeide_1.6.0/stm32cubeide/plugins/com.st.stm32cube.ide.mcu.externaltools.gnu-tools-for-stm32.9-2020-q2-update.win32_1.5.0.202011040924/tools/bin/../lib/gcc/arm-none-eabi/9.3.1/../../../../arm-none-eabi/lib/thumb/v7e-m+fp/hard\libc_nano.a(lib_a-mlock.o)
                0x000000000800460c                __malloc_lock
 .text.__malloc_unlock
                0x0000000008004618        0xc c:/st/stm32cubeide_1.6.0/stm32cubeide/plugins/com.st.stm32cube.ide.mcu.externaltools.gnu-tools-for-stm32.9-2020-q2-update.win32_1.5.0.202011040924/tools/bin/../lib/gcc/arm-none-eabi/9.3.1/../../../../arm-none-eabi/lib/thumb/v7e-m+fp/hard\libc_nano.a(lib_a-mlock.o)
                0x0000000008004618                __malloc_unlock
 .text._malloc_usable_size_r
                0x0000000008004624       0x10 c:/st/stm32cubeide_1.6.0/stm32cubeide/plugins/com.st.stm32cube.ide.mcu.externaltools.gnu-tools-for-stm32.9-2020-q2-update.win32_1.5.0.202011040924/tools/bin/../lib/gcc/arm-none-eabi/9.3.1/../../../../arm-none-eabi/lib/thumb/v7e-m+fp/hard\libc_nano.a(lib_a-nano-msizer.o)
                0x0000000008004624                _malloc_usable_size_r
 .text.__retarget_lock_acquire_recursive
                0x0000000008004634        0x2 c:/st/stm32cubeide_1.6.0/stm32cubeide/plugins/com.st.stm32cube.ide.mcu.externaltools.gnu-tools-for-stm32.9-2020-q2-update.win32_1.5.0.202011040924/tools/bin/../lib/gcc/arm-none-eabi/9.3.1/../../../../arm-none-eabi/lib/thumb/v7e-m+fp/hard\libc_nano.a(lib_a-lock.o)
                0x0000000008004634                __retarget_lock_acquire_recursive
 .text.__retarget_lock_release_recursive
                0x0000000008004636        0x2 c:/st/stm32cubeide_1.6.0/stm32cubeide/plugins/com.st.stm32cube.ide.mcu.externaltools.gnu-tools-for-stm32.9-2020-q2-update.win32_1.5.0.202011040924/tools/bin/../lib/gcc/arm-none-eabi/9.3.1/../../../../arm-none-eabi/lib/thumb/v7e-m+fp/hard\libc_nano.a(lib_a-lock.o)
                0x0000000008004636                __retarget_lock_release_recursive
 *(.glue_7)
 .glue_7        0x0000000008004638        0x0 linker stubs
 *(.glue_7t)
 .glue_7t       0x0000000008004638        0x0 linker stubs
 *(.eh_frame)
 .eh_frame      0x0000000008004638        0x0 c:/st/stm32cubeide_1.6.0/stm32cubeide/plugins/com.st.stm32cube.ide.mcu.externaltools.gnu-tools-for-stm32.9-2020-q2-update.win32_1.5.0.202011040924/tools/bin/../lib/gcc/arm-none-eabi/9.3.1/thumb/v7e-m+fp/hard/crtbegin.o
 *(.init)
 .init          0x0000000008004638        0x4 c:/st/stm32cubeide_1.6.0/stm32cubeide/plugins/com.st.stm32cube.ide.mcu.externaltools.gnu-tools-for-stm32.9-2020-q2-update.win32_1.5.0.202011040924/tools/bin/../lib/gcc/arm-none-eabi/9.3.1/thumb/v7e-m+fp/hard/crti.o
                0x0000000008004638                _init
 .init          0x000000000800463c        0x8 c:/st/stm32cubeide_1.6.0/stm32cubeide/plugins/com.st.stm32cube.ide.mcu.externaltools.gnu-tools-for-stm32.9-2020-q2-update.win32_1.5.0.202011040924/tools/bin/../lib/gcc/arm-none-eabi/9.3.1/thumb/v7e-m+fp/hard/crtn.o
 *(.fini)
 .fini          0x0000000008004644        0x4 c:/st/stm32cubeide_1.6.0/stm32cubeide/plugins/com.st.stm32cube.ide.mcu.externaltools.gnu-tools-for-stm32.9-2020-q2-update.win32_1.5.0.202011040924/tools/bin/../lib/gcc/arm-none-eabi/9.3.1/thumb/v7e-m+fp/hard/crti.o
                0x0000000008004644                _fini
 .fini          0x0000000008004648        0x8 c:/st/stm32cubeide_1.6.0/stm32cubeide/plugins/com.st.stm32cube.ide.mcu.externaltools.gnu-tools-for-stm32.9-2020-q2-update.win32_1.5.0.202011040924/tools/bin/../lib/gcc/arm-none-eabi/9.3.1/thumb/v7e-m+fp/hard/crtn.o
                0x0000000008004650                . = ALIGN (0x4)
                0x0000000008004650                _etext = .

.vfp11_veneer   0x0000000008004650        0x0
 .vfp11_veneer  0x0000000008004650        0x0 linker stubs

.v4_bx          0x0000000008004650        0x0
 .v4_bx         0x0000000008004650        0x0 linker stubs

.iplt           0x0000000008004650        0x0
 .iplt          0x0000000008004650        0x0 c:/st/stm32cubeide_1.6.0/stm32cubeide/plugins/com.st.stm32cube.ide.mcu.externaltools.gnu-tools-for-stm32.9-2020-q2-update.win32_1.5.0.202011040924/tools/bin/../lib/gcc/arm-none-eabi/9.3.1/thumb/v7e-m+fp/hard/crtbegin.o

.rodata         0x0000000008004650       0x64
                0x0000000008004650                . = ALIGN (0x4)
 *(.rodata)
 .rodata        0x0000000008004650        0x3 Core/Src/lcd.o
 *fill*         0x0000000008004653        0x1 
 .rodata        0x0000000008004654        0x7 Core/Src/main.o
 *(.rodata*)
 *fill*         0x000000000800465b        0x1 
 .rodata.billtomb
                0x000000000800465c        0xc Core/Src/matrix.o
                0x000000000800465c                billtomb
 .rodata.AHBPrescTable
                0x0000000008004668       0x10 Core/Src/system_stm32f7xx.o
                0x0000000008004668                AHBPrescTable
 .rodata.APBPrescTable
                0x0000000008004678        0x8 Core/Src/system_stm32f7xx.o
                0x0000000008004678                APBPrescTable
 .rodata._svfprintf_r.str1.1
                0x0000000008004680       0x11 c:/st/stm32cubeide_1.6.0/stm32cubeide/plugins/com.st.stm32cube.ide.mcu.externaltools.gnu-tools-for-stm32.9-2020-q2-update.win32_1.5.0.202011040924/tools/bin/../lib/gcc/arm-none-eabi/9.3.1/../../../../arm-none-eabi/lib/thumb/v7e-m+fp/hard\libc_nano.a(lib_a-nano-svfprintf.o)
 .rodata._printf_i.str1.1
                0x0000000008004691       0x22 c:/st/stm32cubeide_1.6.0/stm32cubeide/plugins/com.st.stm32cube.ide.mcu.externaltools.gnu-tools-for-stm32.9-2020-q2-update.win32_1.5.0.202011040924/tools/bin/../lib/gcc/arm-none-eabi/9.3.1/../../../../arm-none-eabi/lib/thumb/v7e-m+fp/hard\libc_nano.a(lib_a-nano-vfprintf_i.o)
                0x00000000080046b4                . = ALIGN (0x4)
 *fill*         0x00000000080046b3        0x1 

.ARM.extab      0x00000000080046b4        0x0
                0x00000000080046b4                . = ALIGN (0x4)
 *(.ARM.extab* .gnu.linkonce.armextab.*)
                0x00000000080046b4                . = ALIGN (0x4)

.ARM            0x00000000080046b4        0x8
                0x00000000080046b4                . = ALIGN (0x4)
                0x00000000080046b4                __exidx_start = .
 *(.ARM.exidx*)
 .ARM.exidx     0x00000000080046b4        0x8 c:/st/stm32cubeide_1.6.0/stm32cubeide/plugins/com.st.stm32cube.ide.mcu.externaltools.gnu-tools-for-stm32.9-2020-q2-update.win32_1.5.0.202011040924/tools/bin/../lib/gcc/arm-none-eabi/9.3.1/thumb/v7e-m+fp/hard\libgcc.a(_udivmoddi4.o)
                0x00000000080046bc                __exidx_end = .
                0x00000000080046bc                . = ALIGN (0x4)

.rel.dyn        0x00000000080046bc        0x0
 .rel.iplt      0x00000000080046bc        0x0 c:/st/stm32cubeide_1.6.0/stm32cubeide/plugins/com.st.stm32cube.ide.mcu.externaltools.gnu-tools-for-stm32.9-2020-q2-update.win32_1.5.0.202011040924/tools/bin/../lib/gcc/arm-none-eabi/9.3.1/thumb/v7e-m+fp/hard/crtbegin.o

.preinit_array  0x00000000080046bc        0x0
                0x00000000080046bc                . = ALIGN (0x4)
                0x00000000080046bc                PROVIDE (__preinit_array_start = .)
 *(.preinit_array*)
                0x00000000080046bc                PROVIDE (__preinit_array_end = .)
                0x00000000080046bc                . = ALIGN (0x4)

.init_array     0x00000000080046bc        0x4
                0x00000000080046bc                . = ALIGN (0x4)
                0x00000000080046bc                PROVIDE (__init_array_start = .)
 *(SORT_BY_NAME(.init_array.*))
 *(.init_array*)
 .init_array    0x00000000080046bc        0x4 c:/st/stm32cubeide_1.6.0/stm32cubeide/plugins/com.st.stm32cube.ide.mcu.externaltools.gnu-tools-for-stm32.9-2020-q2-update.win32_1.5.0.202011040924/tools/bin/../lib/gcc/arm-none-eabi/9.3.1/thumb/v7e-m+fp/hard/crtbegin.o
                0x00000000080046c0                PROVIDE (__init_array_end = .)
                0x00000000080046c0                . = ALIGN (0x4)

.fini_array     0x00000000080046c0        0x4
                0x00000000080046c0                . = ALIGN (0x4)
                [!provide]                        PROVIDE (__fini_array_start = .)
 *(SORT_BY_NAME(.fini_array.*))
 *(.fini_array*)
 .fini_array    0x00000000080046c0        0x4 c:/st/stm32cubeide_1.6.0/stm32cubeide/plugins/com.st.stm32cube.ide.mcu.externaltools.gnu-tools-for-stm32.9-2020-q2-update.win32_1.5.0.202011040924/tools/bin/../lib/gcc/arm-none-eabi/9.3.1/thumb/v7e-m+fp/hard/crtbegin.o
                [!provide]                        PROVIDE (__fini_array_end = .)
                0x00000000080046c4                . = ALIGN (0x4)
                0x00000000080046c4                _sidata = LOADADDR (.data)

.data           0x0000000020000000       0xd8 load address 0x00000000080046c4
                0x0000000020000000                . = ALIGN (0x4)
                0x0000000020000000                _sdata = .
 *(.data)
 *(.data*)
 .data.jatekos  0x0000000020000000        0x1 Core/Src/main.o
                0x0000000020000000                jatekos
 *fill*         0x0000000020000001        0x3 
 .data.row1     0x0000000020000004        0xe Core/Src/main.o
                0x0000000020000004                row1
 *fill*         0x0000000020000012        0x2 
 .data.row2     0x0000000020000014        0xe Core/Src/main.o
                0x0000000020000014                row2
 .data.row      0x0000000020000022        0x1 Core/Src/matrix.o
                0x0000000020000022                row
 .data.m_button2
                0x0000000020000023        0x1 Core/Src/matrix.o
                0x0000000020000023                m_button2
 .data.sor_pin  0x0000000020000024        0x8 Core/Src/matrix.o
                0x0000000020000024                sor_pin
 .data.matrix_pin
                0x000000002000002c        0xe Core/Src/matrix.o
                0x000000002000002c                matrix_pin
 *fill*         0x000000002000003a        0x2 
 .data.sor_gpio_port
                0x000000002000003c       0x10 Core/Src/matrix.o
                0x000000002000003c                sor_gpio_port
 .data.matrix_gpio_port
                0x000000002000004c       0x1c Core/Src/matrix.o
                0x000000002000004c                matrix_gpio_port
 .data.SystemCoreClock
                0x0000000020000068        0x4 Core/Src/system_stm32f7xx.o
                0x0000000020000068                SystemCoreClock
 .data.uwTickPrio
                0x000000002000006c        0x4 Drivers/STM32F7xx_HAL_Driver/Src/stm32f7xx_hal.o
                0x000000002000006c                uwTickPrio
 .data.uwTickFreq
                0x0000000020000070        0x1 Drivers/STM32F7xx_HAL_Driver/Src/stm32f7xx_hal.o
                0x0000000020000070                uwTickFreq
 *fill*         0x0000000020000071        0x3 
 .data._impure_ptr
                0x0000000020000074        0x4 c:/st/stm32cubeide_1.6.0/stm32cubeide/plugins/com.st.stm32cube.ide.mcu.externaltools.gnu-tools-for-stm32.9-2020-q2-update.win32_1.5.0.202011040924/tools/bin/../lib/gcc/arm-none-eabi/9.3.1/../../../../arm-none-eabi/lib/thumb/v7e-m+fp/hard\libc_nano.a(lib_a-impure.o)
                0x0000000020000074                _impure_ptr
 .data.impure_data
                0x0000000020000078       0x60 c:/st/stm32cubeide_1.6.0/stm32cubeide/plugins/com.st.stm32cube.ide.mcu.externaltools.gnu-tools-for-stm32.9-2020-q2-update.win32_1.5.0.202011040924/tools/bin/../lib/gcc/arm-none-eabi/9.3.1/../../../../arm-none-eabi/lib/thumb/v7e-m+fp/hard\libc_nano.a(lib_a-impure.o)
 *(.RamFunc)
 *(.RamFunc*)
                0x00000000200000d8                . = ALIGN (0x4)
                0x00000000200000d8                _edata = .

.igot.plt       0x00000000200000d8        0x0 load address 0x000000000800479c
 .igot.plt      0x00000000200000d8        0x0 c:/st/stm32cubeide_1.6.0/stm32cubeide/plugins/com.st.stm32cube.ide.mcu.externaltools.gnu-tools-for-stm32.9-2020-q2-update.win32_1.5.0.202011040924/tools/bin/../lib/gcc/arm-none-eabi/9.3.1/thumb/v7e-m+fp/hard/crtbegin.o
                0x00000000200000d8                . = ALIGN (0x4)

.bss            0x00000000200000d8      0x110 load address 0x000000000800479c
                0x00000000200000d8                _sbss = .
                0x00000000200000d8                __bss_start__ = _sbss
 *(.bss)
 .bss           0x00000000200000d8       0x1c c:/st/stm32cubeide_1.6.0/stm32cubeide/plugins/com.st.stm32cube.ide.mcu.externaltools.gnu-tools-for-stm32.9-2020-q2-update.win32_1.5.0.202011040924/tools/bin/../lib/gcc/arm-none-eabi/9.3.1/thumb/v7e-m+fp/hard/crtbegin.o
 *(.bss*)
 .bss.dobas     0x00000000200000f4        0x1 Core/Src/main.o
                0x00000000200000f4                dobas
 .bss.kor       0x00000000200000f5        0x1 Core/Src/main.o
                0x00000000200000f5                kor
 .bss.player_1_score
                0x00000000200000f6        0x2 Core/Src/main.o
                0x00000000200000f6                player_1_score
 .bss.player_2_score
                0x00000000200000f8        0x2 Core/Src/main.o
                0x00000000200000f8                player_2_score
 .bss.dupla     0x00000000200000fa        0x1 Core/Src/main.o
                0x00000000200000fa                dupla
 .bss.tripla    0x00000000200000fb        0x1 Core/Src/main.o
                0x00000000200000fb                tripla
 .bss.__sbrk_heap_end
                0x00000000200000fc        0x4 Core/Src/sysmem.o
 .bss.__malloc_free_list
                0x0000000020000100        0x4 c:/st/stm32cubeide_1.6.0/stm32cubeide/plugins/com.st.stm32cube.ide.mcu.externaltools.gnu-tools-for-stm32.9-2020-q2-update.win32_1.5.0.202011040924/tools/bin/../lib/gcc/arm-none-eabi/9.3.1/../../../../arm-none-eabi/lib/thumb/v7e-m+fp/hard\libc_nano.a(lib_a-nano-mallocr.o)
                0x0000000020000100                __malloc_free_list
 .bss.__malloc_sbrk_start
                0x0000000020000104        0x4 c:/st/stm32cubeide_1.6.0/stm32cubeide/plugins/com.st.stm32cube.ide.mcu.externaltools.gnu-tools-for-stm32.9-2020-q2-update.win32_1.5.0.202011040924/tools/bin/../lib/gcc/arm-none-eabi/9.3.1/../../../../arm-none-eabi/lib/thumb/v7e-m+fp/hard\libc_nano.a(lib_a-nano-mallocr.o)
                0x0000000020000104                __malloc_sbrk_start
 *(COMMON)
 COMMON         0x0000000020000108       0xcc Core/Src/main.o
                0x0000000020000108                huart3
                0x000000002000018c                hadc1
 COMMON         0x00000000200001d4        0x4 Drivers/STM32F7xx_HAL_Driver/Src/stm32f7xx_hal.o
                0x00000000200001d4                uwTick
 COMMON         0x00000000200001d8        0x4 c:/st/stm32cubeide_1.6.0/stm32cubeide/plugins/com.st.stm32cube.ide.mcu.externaltools.gnu-tools-for-stm32.9-2020-q2-update.win32_1.5.0.202011040924/tools/bin/../lib/gcc/arm-none-eabi/9.3.1/../../../../arm-none-eabi/lib/thumb/v7e-m+fp/hard\libc_nano.a(lib_a-reent.o)
                0x00000000200001d8                errno
 COMMON         0x00000000200001dc        0x9 c:/st/stm32cubeide_1.6.0/stm32cubeide/plugins/com.st.stm32cube.ide.mcu.externaltools.gnu-tools-for-stm32.9-2020-q2-update.win32_1.5.0.202011040924/tools/bin/../lib/gcc/arm-none-eabi/9.3.1/../../../../arm-none-eabi/lib/thumb/v7e-m+fp/hard\libc_nano.a(lib_a-lock.o)
                0x00000000200001dc                __lock___atexit_recursive_mutex
                0x00000000200001dd                __lock___arc4random_mutex
                0x00000000200001de                __lock___env_recursive_mutex
                0x00000000200001df                __lock___sinit_recursive_mutex
                0x00000000200001e0                __lock___malloc_recursive_mutex
                0x00000000200001e1                __lock___at_quick_exit_mutex
                0x00000000200001e2                __lock___dd_hash_mutex
                0x00000000200001e3                __lock___tz_mutex
                0x00000000200001e4                __lock___sfp_recursive_mutex
                0x00000000200001e8                . = ALIGN (0x4)
 *fill*         0x00000000200001e5        0x3 
                0x00000000200001e8                _ebss = .
                0x00000000200001e8                __bss_end__ = _ebss

._user_heap_stack
                0x00000000200001e8      0x600 load address 0x000000000800479c
                0x00000000200001e8                . = ALIGN (0x8)
                [!provide]                        PROVIDE (end = .)
                0x00000000200001e8                PROVIDE (_end = .)
                0x00000000200003e8                . = (. + _Min_Heap_Size)
 *fill*         0x00000000200001e8      0x200 
                0x00000000200007e8                . = (. + _Min_Stack_Size)
 *fill*         0x00000000200003e8      0x400 
                0x00000000200007e8                . = ALIGN (0x8)

/DISCARD/
 libc.a(*)
 libm.a(*)
 libgcc.a(*)

.ARM.attributes
                0x0000000000000000       0x30
 *(.ARM.attributes)
 .ARM.attributes
                0x0000000000000000       0x1e c:/st/stm32cubeide_1.6.0/stm32cubeide/plugins/com.st.stm32cube.ide.mcu.externaltools.gnu-tools-for-stm32.9-2020-q2-update.win32_1.5.0.202011040924/tools/bin/../lib/gcc/arm-none-eabi/9.3.1/thumb/v7e-m+fp/hard/crti.o
 .ARM.attributes
                0x000000000000001e       0x34 c:/st/stm32cubeide_1.6.0/stm32cubeide/plugins/com.st.stm32cube.ide.mcu.externaltools.gnu-tools-for-stm32.9-2020-q2-update.win32_1.5.0.202011040924/tools/bin/../lib/gcc/arm-none-eabi/9.3.1/thumb/v7e-m+fp/hard/crtbegin.o
 .ARM.attributes
                0x0000000000000052       0x34 Core/Src/lcd.o
 .ARM.attributes
                0x0000000000000086       0x34 Core/Src/main.o
 .ARM.attributes
                0x00000000000000ba       0x34 Core/Src/matrix.o
 .ARM.attributes
                0x00000000000000ee       0x34 Core/Src/stm32f7xx_hal_msp.o
 .ARM.attributes
                0x0000000000000122       0x34 Core/Src/stm32f7xx_it.o
 .ARM.attributes
                0x0000000000000156       0x34 Core/Src/sysmem.o
 .ARM.attributes
                0x000000000000018a       0x34 Core/Src/system_stm32f7xx.o
 .ARM.attributes
                0x00000000000001be       0x21 Core/Startup/startup_stm32f756zgtx.o
 .ARM.attributes
                0x00000000000001df       0x34 Drivers/STM32F7xx_HAL_Driver/Src/stm32f7xx_hal.o
 .ARM.attributes
                0x0000000000000213       0x34 Drivers/STM32F7xx_HAL_Driver/Src/stm32f7xx_hal_adc.o
 .ARM.attributes
                0x0000000000000247       0x34 Drivers/STM32F7xx_HAL_Driver/Src/stm32f7xx_hal_cortex.o
 .ARM.attributes
                0x000000000000027b       0x34 Drivers/STM32F7xx_HAL_Driver/Src/stm32f7xx_hal_dma.o
 .ARM.attributes
                0x00000000000002af       0x34 Drivers/STM32F7xx_HAL_Driver/Src/stm32f7xx_hal_gpio.o
 .ARM.attributes
                0x00000000000002e3       0x34 Drivers/STM32F7xx_HAL_Driver/Src/stm32f7xx_hal_rcc.o
 .ARM.attributes
                0x0000000000000317       0x34 Drivers/STM32F7xx_HAL_Driver/Src/stm32f7xx_hal_rcc_ex.o
 .ARM.attributes
                0x000000000000034b       0x34 Drivers/STM32F7xx_HAL_Driver/Src/stm32f7xx_hal_uart.o
 .ARM.attributes
                0x000000000000037f       0x34 c:/st/stm32cubeide_1.6.0/stm32cubeide/plugins/com.st.stm32cube.ide.mcu.externaltools.gnu-tools-for-stm32.9-2020-q2-update.win32_1.5.0.202011040924/tools/bin/../lib/gcc/arm-none-eabi/9.3.1/../../../../arm-none-eabi/lib/thumb/v7e-m+fp/hard\libc_nano.a(lib_a-errno.o)
 .ARM.attributes
                0x00000000000003b3       0x32 c:/st/stm32cubeide_1.6.0/stm32cubeide/plugins/com.st.stm32cube.ide.mcu.externaltools.gnu-tools-for-stm32.9-2020-q2-update.win32_1.5.0.202011040924/tools/bin/../lib/gcc/arm-none-eabi/9.3.1/../../../../arm-none-eabi/lib/thumb/v7e-m+fp/hard\libc_nano.a(lib_a-impure.o)
 .ARM.attributes
                0x00000000000003e5       0x34 c:/st/stm32cubeide_1.6.0/stm32cubeide/plugins/com.st.stm32cube.ide.mcu.externaltools.gnu-tools-for-stm32.9-2020-q2-update.win32_1.5.0.202011040924/tools/bin/../lib/gcc/arm-none-eabi/9.3.1/../../../../arm-none-eabi/lib/thumb/v7e-m+fp/hard\libc_nano.a(lib_a-init.o)
 .ARM.attributes
                0x0000000000000419       0x34 c:/st/stm32cubeide_1.6.0/stm32cubeide/plugins/com.st.stm32cube.ide.mcu.externaltools.gnu-tools-for-stm32.9-2020-q2-update.win32_1.5.0.202011040924/tools/bin/../lib/gcc/arm-none-eabi/9.3.1/../../../../arm-none-eabi/lib/thumb/v7e-m+fp/hard\libc_nano.a(lib_a-memset.o)
 .ARM.attributes
                0x000000000000044d       0x34 c:/st/stm32cubeide_1.6.0/stm32cubeide/plugins/com.st.stm32cube.ide.mcu.externaltools.gnu-tools-for-stm32.9-2020-q2-update.win32_1.5.0.202011040924/tools/bin/../lib/gcc/arm-none-eabi/9.3.1/../../../../arm-none-eabi/lib/thumb/v7e-m+fp/hard\libc_nano.a(lib_a-sprintf.o)
 .ARM.attributes
                0x0000000000000481       0x34 c:/st/stm32cubeide_1.6.0/stm32cubeide/plugins/com.st.stm32cube.ide.mcu.externaltools.gnu-tools-for-stm32.9-2020-q2-update.win32_1.5.0.202011040924/tools/bin/../lib/gcc/arm-none-eabi/9.3.1/../../../../arm-none-eabi/lib/thumb/v7e-m+fp/hard\libc_nano.a(lib_a-nano-svfprintf.o)
 .ARM.attributes
                0x00000000000004b5       0x34 c:/st/stm32cubeide_1.6.0/stm32cubeide/plugins/com.st.stm32cube.ide.mcu.externaltools.gnu-tools-for-stm32.9-2020-q2-update.win32_1.5.0.202011040924/tools/bin/../lib/gcc/arm-none-eabi/9.3.1/../../../../arm-none-eabi/lib/thumb/v7e-m+fp/hard\libc_nano.a(lib_a-nano-vfprintf_i.o)
 .ARM.attributes
                0x00000000000004e9       0x1c c:/st/stm32cubeide_1.6.0/stm32cubeide/plugins/com.st.stm32cube.ide.mcu.externaltools.gnu-tools-for-stm32.9-2020-q2-update.win32_1.5.0.202011040924/tools/bin/../lib/gcc/arm-none-eabi/9.3.1/../../../../arm-none-eabi/lib/thumb/v7e-m+fp/hard\libc_nano.a(lib_a-memchr.o)
 .ARM.attributes
                0x0000000000000505       0x34 c:/st/stm32cubeide_1.6.0/stm32cubeide/plugins/com.st.stm32cube.ide.mcu.externaltools.gnu-tools-for-stm32.9-2020-q2-update.win32_1.5.0.202011040924/tools/bin/../lib/gcc/arm-none-eabi/9.3.1/../../../../arm-none-eabi/lib/thumb/v7e-m+fp/hard\libc_nano.a(lib_a-memcpy-stub.o)
 .ARM.attributes
                0x0000000000000539       0x34 c:/st/stm32cubeide_1.6.0/stm32cubeide/plugins/com.st.stm32cube.ide.mcu.externaltools.gnu-tools-for-stm32.9-2020-q2-update.win32_1.5.0.202011040924/tools/bin/../lib/gcc/arm-none-eabi/9.3.1/../../../../arm-none-eabi/lib/thumb/v7e-m+fp/hard\libc_nano.a(lib_a-memmove.o)
 .ARM.attributes
                0x000000000000056d       0x34 c:/st/stm32cubeide_1.6.0/stm32cubeide/plugins/com.st.stm32cube.ide.mcu.externaltools.gnu-tools-for-stm32.9-2020-q2-update.win32_1.5.0.202011040924/tools/bin/../lib/gcc/arm-none-eabi/9.3.1/../../../../arm-none-eabi/lib/thumb/v7e-m+fp/hard\libc_nano.a(lib_a-nano-freer.o)
 .ARM.attributes
                0x00000000000005a1       0x34 c:/st/stm32cubeide_1.6.0/stm32cubeide/plugins/com.st.stm32cube.ide.mcu.externaltools.gnu-tools-for-stm32.9-2020-q2-update.win32_1.5.0.202011040924/tools/bin/../lib/gcc/arm-none-eabi/9.3.1/../../../../arm-none-eabi/lib/thumb/v7e-m+fp/hard\libc_nano.a(lib_a-nano-mallocr.o)
 .ARM.attributes
                0x00000000000005d5       0x34 c:/st/stm32cubeide_1.6.0/stm32cubeide/plugins/com.st.stm32cube.ide.mcu.externaltools.gnu-tools-for-stm32.9-2020-q2-update.win32_1.5.0.202011040924/tools/bin/../lib/gcc/arm-none-eabi/9.3.1/../../../../arm-none-eabi/lib/thumb/v7e-m+fp/hard\libc_nano.a(lib_a-nano-reallocr.o)
 .ARM.attributes
                0x0000000000000609       0x34 c:/st/stm32cubeide_1.6.0/stm32cubeide/plugins/com.st.stm32cube.ide.mcu.externaltools.gnu-tools-for-stm32.9-2020-q2-update.win32_1.5.0.202011040924/tools/bin/../lib/gcc/arm-none-eabi/9.3.1/../../../../arm-none-eabi/lib/thumb/v7e-m+fp/hard\libc_nano.a(lib_a-sbrkr.o)
 .ARM.attributes
                0x000000000000063d       0x34 c:/st/stm32cubeide_1.6.0/stm32cubeide/plugins/com.st.stm32cube.ide.mcu.externaltools.gnu-tools-for-stm32.9-2020-q2-update.win32_1.5.0.202011040924/tools/bin/../lib/gcc/arm-none-eabi/9.3.1/../../../../arm-none-eabi/lib/thumb/v7e-m+fp/hard\libc_nano.a(lib_a-mlock.o)
 .ARM.attributes
                0x0000000000000671       0x34 c:/st/stm32cubeide_1.6.0/stm32cubeide/plugins/com.st.stm32cube.ide.mcu.externaltools.gnu-tools-for-stm32.9-2020-q2-update.win32_1.5.0.202011040924/tools/bin/../lib/gcc/arm-none-eabi/9.3.1/../../../../arm-none-eabi/lib/thumb/v7e-m+fp/hard\libc_nano.a(lib_a-nano-msizer.o)
 .ARM.attributes
                0x00000000000006a5       0x34 c:/st/stm32cubeide_1.6.0/stm32cubeide/plugins/com.st.stm32cube.ide.mcu.externaltools.gnu-tools-for-stm32.9-2020-q2-update.win32_1.5.0.202011040924/tools/bin/../lib/gcc/arm-none-eabi/9.3.1/../../../../arm-none-eabi/lib/thumb/v7e-m+fp/hard\libc_nano.a(lib_a-reent.o)
 .ARM.attributes
                0x00000000000006d9       0x34 c:/st/stm32cubeide_1.6.0/stm32cubeide/plugins/com.st.stm32cube.ide.mcu.externaltools.gnu-tools-for-stm32.9-2020-q2-update.win32_1.5.0.202011040924/tools/bin/../lib/gcc/arm-none-eabi/9.3.1/../../../../arm-none-eabi/lib/thumb/v7e-m+fp/hard\libc_nano.a(lib_a-lock.o)
 .ARM.attributes
                0x000000000000070d       0x1e c:/st/stm32cubeide_1.6.0/stm32cubeide/plugins/com.st.stm32cube.ide.mcu.externaltools.gnu-tools-for-stm32.9-2020-q2-update.win32_1.5.0.202011040924/tools/bin/../lib/gcc/arm-none-eabi/9.3.1/thumb/v7e-m+fp/hard\libgcc.a(_aeabi_uldivmod.o)
 .ARM.attributes
                0x000000000000072b       0x34 c:/st/stm32cubeide_1.6.0/stm32cubeide/plugins/com.st.stm32cube.ide.mcu.externaltools.gnu-tools-for-stm32.9-2020-q2-update.win32_1.5.0.202011040924/tools/bin/../lib/gcc/arm-none-eabi/9.3.1/thumb/v7e-m+fp/hard\libgcc.a(_udivmoddi4.o)
 .ARM.attributes
                0x000000000000075f       0x1e c:/st/stm32cubeide_1.6.0/stm32cubeide/plugins/com.st.stm32cube.ide.mcu.externaltools.gnu-tools-for-stm32.9-2020-q2-update.win32_1.5.0.202011040924/tools/bin/../lib/gcc/arm-none-eabi/9.3.1/thumb/v7e-m+fp/hard\libgcc.a(_dvmd_tls.o)
 .ARM.attributes
                0x000000000000077d       0x1e c:/st/stm32cubeide_1.6.0/stm32cubeide/plugins/com.st.stm32cube.ide.mcu.externaltools.gnu-tools-for-stm32.9-2020-q2-update.win32_1.5.0.202011040924/tools/bin/../lib/gcc/arm-none-eabi/9.3.1/thumb/v7e-m+fp/hard/crtn.o
OUTPUT(ARM_ZH.elf elf32-littlearm)
LOAD linker stubs
LOAD c:/st/stm32cubeide_1.6.0/stm32cubeide/plugins/com.st.stm32cube.ide.mcu.externaltools.gnu-tools-for-stm32.9-2020-q2-update.win32_1.5.0.202011040924/tools/bin/../lib/gcc/arm-none-eabi/9.3.1/../../../../arm-none-eabi/lib/thumb/v7e-m+fp/hard\libc.a
LOAD c:/st/stm32cubeide_1.6.0/stm32cubeide/plugins/com.st.stm32cube.ide.mcu.externaltools.gnu-tools-for-stm32.9-2020-q2-update.win32_1.5.0.202011040924/tools/bin/../lib/gcc/arm-none-eabi/9.3.1/../../../../arm-none-eabi/lib/thumb/v7e-m+fp/hard\libm.a
LOAD c:/st/stm32cubeide_1.6.0/stm32cubeide/plugins/com.st.stm32cube.ide.mcu.externaltools.gnu-tools-for-stm32.9-2020-q2-update.win32_1.5.0.202011040924/tools/bin/../lib/gcc/arm-none-eabi/9.3.1/thumb/v7e-m+fp/hard\libgcc.a

.debug_info     0x0000000000000000     0xc61e
 .debug_info    0x0000000000000000      0xc3e Core/Src/lcd.o
 .debug_info    0x0000000000000c3e     0x1c2e Core/Src/main.o
 .debug_info    0x000000000000286c      0xcc4 Core/Src/matrix.o
 .debug_info    0x0000000000003530     0x109a Core/Src/stm32f7xx_hal_msp.o
 .debug_info    0x00000000000045ca      0x7f9 Core/Src/stm32f7xx_it.o
 .debug_info    0x0000000000004dc3      0xa25 Core/Src/sysmem.o
 .debug_info    0x00000000000057e8      0x7ad Core/Src/system_stm32f7xx.o
 .debug_info    0x0000000000005f95       0x22 Core/Startup/startup_stm32f756zgtx.o
 .debug_info    0x0000000000005fb7      0xa48 Drivers/STM32F7xx_HAL_Driver/Src/stm32f7xx_hal.o
 .debug_info    0x00000000000069ff      0xd66 Drivers/STM32F7xx_HAL_Driver/Src/stm32f7xx_hal_adc.o
 .debug_info    0x0000000000007765     0x111c Drivers/STM32F7xx_HAL_Driver/Src/stm32f7xx_hal_cortex.o
 .debug_info    0x0000000000008881      0x9f1 Drivers/STM32F7xx_HAL_Driver/Src/stm32f7xx_hal_dma.o
 .debug_info    0x0000000000009272      0x868 Drivers/STM32F7xx_HAL_Driver/Src/stm32f7xx_hal_gpio.o
 .debug_info    0x0000000000009ada      0x9cc Drivers/STM32F7xx_HAL_Driver/Src/stm32f7xx_hal_rcc.o
 .debug_info    0x000000000000a4a6      0x82c Drivers/STM32F7xx_HAL_Driver/Src/stm32f7xx_hal_rcc_ex.o
 .debug_info    0x000000000000acd2     0x194c Drivers/STM32F7xx_HAL_Driver/Src/stm32f7xx_hal_uart.o

.debug_abbrev   0x0000000000000000     0x1f8f
 .debug_abbrev  0x0000000000000000      0x226 Core/Src/lcd.o
 .debug_abbrev  0x0000000000000226      0x2ca Core/Src/main.o
 .debug_abbrev  0x00000000000004f0      0x259 Core/Src/matrix.o
 .debug_abbrev  0x0000000000000749      0x1b5 Core/Src/stm32f7xx_hal_msp.o
 .debug_abbrev  0x00000000000008fe      0x163 Core/Src/stm32f7xx_it.o
 .debug_abbrev  0x0000000000000a61      0x1bf Core/Src/sysmem.o
 .debug_abbrev  0x0000000000000c20      0x165 Core/Src/system_stm32f7xx.o
 .debug_abbrev  0x0000000000000d85       0x12 Core/Startup/startup_stm32f756zgtx.o
 .debug_abbrev  0x0000000000000d97      0x1ed Drivers/STM32F7xx_HAL_Driver/Src/stm32f7xx_hal.o
 .debug_abbrev  0x0000000000000f84      0x22f Drivers/STM32F7xx_HAL_Driver/Src/stm32f7xx_hal_adc.o
 .debug_abbrev  0x00000000000011b3      0x33c Drivers/STM32F7xx_HAL_Driver/Src/stm32f7xx_hal_cortex.o
 .debug_abbrev  0x00000000000014ef      0x259 Drivers/STM32F7xx_HAL_Driver/Src/stm32f7xx_hal_dma.o
 .debug_abbrev  0x0000000000001748      0x1f1 Drivers/STM32F7xx_HAL_Driver/Src/stm32f7xx_hal_gpio.o
 .debug_abbrev  0x0000000000001939      0x246 Drivers/STM32F7xx_HAL_Driver/Src/stm32f7xx_hal_rcc.o
 .debug_abbrev  0x0000000000001b7f      0x1d1 Drivers/STM32F7xx_HAL_Driver/Src/stm32f7xx_hal_rcc_ex.o
 .debug_abbrev  0x0000000000001d50      0x23f Drivers/STM32F7xx_HAL_Driver/Src/stm32f7xx_hal_uart.o

.debug_aranges  0x0000000000000000      0x8e0
 .debug_aranges
                0x0000000000000000       0x58 Core/Src/lcd.o
 .debug_aranges
                0x0000000000000058       0x50 Core/Src/main.o
 .debug_aranges
                0x00000000000000a8       0x38 Core/Src/matrix.o
 .debug_aranges
                0x00000000000000e0       0x40 Core/Src/stm32f7xx_hal_msp.o
 .debug_aranges
                0x0000000000000120       0x68 Core/Src/stm32f7xx_it.o
 .debug_aranges
                0x0000000000000188       0x20 Core/Src/sysmem.o
 .debug_aranges
                0x00000000000001a8       0x28 Core/Src/system_stm32f7xx.o
 .debug_aranges
                0x00000000000001d0       0x28 Core/Startup/startup_stm32f756zgtx.o
 .debug_aranges
                0x00000000000001f8      0x100 Drivers/STM32F7xx_HAL_Driver/Src/stm32f7xx_hal.o
 .debug_aranges
                0x00000000000002f8       0xe8 Drivers/STM32F7xx_HAL_Driver/Src/stm32f7xx_hal_adc.o
 .debug_aranges
                0x00000000000003e0      0x118 Drivers/STM32F7xx_HAL_Driver/Src/stm32f7xx_hal_cortex.o
 .debug_aranges
                0x00000000000004f8       0x90 Drivers/STM32F7xx_HAL_Driver/Src/stm32f7xx_hal_dma.o
 .debug_aranges
                0x0000000000000588       0x58 Drivers/STM32F7xx_HAL_Driver/Src/stm32f7xx_hal_gpio.o
 .debug_aranges
                0x00000000000005e0       0x88 Drivers/STM32F7xx_HAL_Driver/Src/stm32f7xx_hal_rcc.o
 .debug_aranges
                0x0000000000000668       0x50 Drivers/STM32F7xx_HAL_Driver/Src/stm32f7xx_hal_rcc_ex.o
 .debug_aranges
                0x00000000000006b8      0x228 Drivers/STM32F7xx_HAL_Driver/Src/stm32f7xx_hal_uart.o

.debug_ranges   0x0000000000000000      0x818
 .debug_ranges  0x0000000000000000       0x48 Core/Src/lcd.o
 .debug_ranges  0x0000000000000048       0x40 Core/Src/main.o
 .debug_ranges  0x0000000000000088       0x28 Core/Src/matrix.o
 .debug_ranges  0x00000000000000b0       0x30 Core/Src/stm32f7xx_hal_msp.o
 .debug_ranges  0x00000000000000e0       0x58 Core/Src/stm32f7xx_it.o
 .debug_ranges  0x0000000000000138       0x10 Core/Src/sysmem.o
 .debug_ranges  0x0000000000000148       0x18 Core/Src/system_stm32f7xx.o
 .debug_ranges  0x0000000000000160       0x20 Core/Startup/startup_stm32f756zgtx.o
 .debug_ranges  0x0000000000000180       0xf0 Drivers/STM32F7xx_HAL_Driver/Src/stm32f7xx_hal.o
 .debug_ranges  0x0000000000000270       0xd8 Drivers/STM32F7xx_HAL_Driver/Src/stm32f7xx_hal_adc.o
 .debug_ranges  0x0000000000000348      0x108 Drivers/STM32F7xx_HAL_Driver/Src/stm32f7xx_hal_cortex.o
 .debug_ranges  0x0000000000000450       0x80 Drivers/STM32F7xx_HAL_Driver/Src/stm32f7xx_hal_dma.o
 .debug_ranges  0x00000000000004d0       0x48 Drivers/STM32F7xx_HAL_Driver/Src/stm32f7xx_hal_gpio.o
 .debug_ranges  0x0000000000000518       0x78 Drivers/STM32F7xx_HAL_Driver/Src/stm32f7xx_hal_rcc.o
 .debug_ranges  0x0000000000000590       0x40 Drivers/STM32F7xx_HAL_Driver/Src/stm32f7xx_hal_rcc_ex.o
 .debug_ranges  0x00000000000005d0      0x248 Drivers/STM32F7xx_HAL_Driver/Src/stm32f7xx_hal_uart.o

.debug_macro    0x0000000000000000    0x267c2
 .debug_macro   0x0000000000000000      0x364 Core/Src/lcd.o
 .debug_macro   0x0000000000000364      0xaa8 Core/Src/lcd.o
 .debug_macro   0x0000000000000e0c      0x293 Core/Src/lcd.o
 .debug_macro   0x000000000000109f       0x2e Core/Src/lcd.o
 .debug_macro   0x00000000000010cd       0x3b Core/Src/lcd.o
 .debug_macro   0x0000000000001108       0x22 Core/Src/lcd.o
 .debug_macro   0x000000000000112a       0x8e Core/Src/lcd.o
 .debug_macro   0x00000000000011b8       0x51 Core/Src/lcd.o
 .debug_macro   0x0000000000001209      0x103 Core/Src/lcd.o
 .debug_macro   0x000000000000130c       0x6a Core/Src/lcd.o
 .debug_macro   0x0000000000001376      0x1df Core/Src/lcd.o
 .debug_macro   0x0000000000001555       0x1c Core/Src/lcd.o
 .debug_macro   0x0000000000001571       0x22 Core/Src/lcd.o
 .debug_macro   0x0000000000001593       0xdf Core/Src/lcd.o
 .debug_macro   0x0000000000001672     0x12cd Core/Src/lcd.o
 .debug_macro   0x000000000000293f      0x11f Core/Src/lcd.o
 .debug_macro   0x0000000000002a5e       0x19 Core/Src/lcd.o
 .debug_macro   0x0000000000002a77    0x19826 Core/Src/lcd.o
 .debug_macro   0x000000000001c29d       0x43 Core/Src/lcd.o
 .debug_macro   0x000000000001c2e0     0x36c9 Core/Src/lcd.o
 .debug_macro   0x000000000001f9a9      0x174 Core/Src/lcd.o
 .debug_macro   0x000000000001fb1d       0x63 Core/Src/lcd.o
 .debug_macro   0x000000000001fb80     0x1939 Core/Src/lcd.o
 .debug_macro   0x00000000000214b9      0x6c4 Core/Src/lcd.o
 .debug_macro   0x0000000000021b7d      0x185 Core/Src/lcd.o
 .debug_macro   0x0000000000021d02      0x117 Core/Src/lcd.o
 .debug_macro   0x0000000000021e19      0x1fe Core/Src/lcd.o
 .debug_macro   0x0000000000022017       0x27 Core/Src/lcd.o
 .debug_macro   0x000000000002203e      0x24f Core/Src/lcd.o
 .debug_macro   0x000000000002228d       0x41 Core/Src/lcd.o
 .debug_macro   0x00000000000222ce       0x58 Core/Src/lcd.o
 .debug_macro   0x0000000000022326      0x236 Core/Src/lcd.o
 .debug_macro   0x000000000002255c      0x416 Core/Src/lcd.o
 .debug_macro   0x0000000000022972      0x153 Core/Src/lcd.o
 .debug_macro   0x0000000000022ac5      0x107 Core/Src/lcd.o
 .debug_macro   0x0000000000022bcc      0x14f Core/Src/lcd.o
 .debug_macro   0x0000000000022d1b      0x25b Core/Src/lcd.o
 .debug_macro   0x0000000000022f76       0x12 Core/Src/lcd.o
 .debug_macro   0x0000000000022f88      0x22c Core/Src/lcd.o
 .debug_macro   0x00000000000231b4       0x61 Core/Src/lcd.o
 .debug_macro   0x0000000000023215       0xa5 Core/Src/lcd.o
 .debug_macro   0x00000000000232ba      0x12f Core/Src/lcd.o
 .debug_macro   0x00000000000233e9      0x108 Core/Src/lcd.o
 .debug_macro   0x00000000000234f1       0x35 Core/Src/lcd.o
 .debug_macro   0x0000000000023526      0x558 Core/Src/lcd.o
 .debug_macro   0x0000000000023a7e       0x44 Core/Src/lcd.o
 .debug_macro   0x0000000000023ac2      0x14e Core/Src/lcd.o
 .debug_macro   0x0000000000023c10       0xd0 Core/Src/lcd.o
 .debug_macro   0x0000000000023ce0       0x52 Core/Src/lcd.o
 .debug_macro   0x0000000000023d32       0x18 Core/Src/lcd.o
 .debug_macro   0x0000000000023d4a       0x3c Core/Src/lcd.o
 .debug_macro   0x0000000000023d86       0x34 Core/Src/lcd.o
 .debug_macro   0x0000000000023dba       0x16 Core/Src/lcd.o
 .debug_macro   0x0000000000023dd0       0x35 Core/Src/lcd.o
 .debug_macro   0x0000000000023e05      0x333 Core/Src/lcd.o
 .debug_macro   0x0000000000024138       0x10 Core/Src/lcd.o
 .debug_macro   0x0000000000024148       0x16 Core/Src/lcd.o
 .debug_macro   0x000000000002415e       0x43 Core/Src/lcd.o
 .debug_macro   0x00000000000241a1       0x34 Core/Src/lcd.o
 .debug_macro   0x00000000000241d5       0x10 Core/Src/lcd.o
 .debug_macro   0x00000000000241e5       0x58 Core/Src/lcd.o
 .debug_macro   0x000000000002423d       0x71 Core/Src/lcd.o
 .debug_macro   0x00000000000242ae       0x1c Core/Src/lcd.o
 .debug_macro   0x00000000000242ca      0x12a Core/Src/lcd.o
 .debug_macro   0x00000000000243f4       0x10 Core/Src/lcd.o
 .debug_macro   0x0000000000024404       0x1c Core/Src/lcd.o
 .debug_macro   0x0000000000024420       0x52 Core/Src/lcd.o
 .debug_macro   0x0000000000024472       0x22 Core/Src/lcd.o
 .debug_macro   0x0000000000024494       0x10 Core/Src/lcd.o
 .debug_macro   0x00000000000244a4       0x40 Core/Src/lcd.o
 .debug_macro   0x00000000000244e4       0xd5 Core/Src/lcd.o
 .debug_macro   0x00000000000245b9       0x1c Core/Src/lcd.o
 .debug_macro   0x00000000000245d5       0x3d Core/Src/lcd.o
 .debug_macro   0x0000000000024612       0x16 Core/Src/lcd.o
 .debug_macro   0x0000000000024628      0x145 Core/Src/lcd.o
 .debug_macro   0x000000000002476d       0x22 Core/Src/lcd.o
 .debug_macro   0x000000000002478f      0x39e Core/Src/main.o
 .debug_macro   0x0000000000024b2d       0x16 Core/Src/main.o
 .debug_macro   0x0000000000024b43       0x20 Core/Src/main.o
 .debug_macro   0x0000000000024b63      0x36e Core/Src/matrix.o
 .debug_macro   0x0000000000024ed1      0x1f6 Core/Src/stm32f7xx_hal_msp.o
 .debug_macro   0x00000000000250c7      0x200 Core/Src/stm32f7xx_it.o
 .debug_macro   0x00000000000252c7       0xff Core/Src/sysmem.o
 .debug_macro   0x00000000000253c6      0x23b Core/Src/sysmem.o
 .debug_macro   0x0000000000025601      0x1e7 Core/Src/system_stm32f7xx.o
 .debug_macro   0x00000000000257e8      0x20b Drivers/STM32F7xx_HAL_Driver/Src/stm32f7xx_hal.o
 .debug_macro   0x00000000000259f3      0x1e8 Drivers/STM32F7xx_HAL_Driver/Src/stm32f7xx_hal_adc.o
 .debug_macro   0x0000000000025bdb      0x1e7 Drivers/STM32F7xx_HAL_Driver/Src/stm32f7xx_hal_cortex.o
 .debug_macro   0x0000000000025dc2      0x1ed Drivers/STM32F7xx_HAL_Driver/Src/stm32f7xx_hal_dma.o
 .debug_macro   0x0000000000025faf      0x21d Drivers/STM32F7xx_HAL_Driver/Src/stm32f7xx_hal_gpio.o
 .debug_macro   0x00000000000261cc      0x20b Drivers/STM32F7xx_HAL_Driver/Src/stm32f7xx_hal_rcc.o
 .debug_macro   0x00000000000263d7      0x1e7 Drivers/STM32F7xx_HAL_Driver/Src/stm32f7xx_hal_rcc_ex.o
 .debug_macro   0x00000000000265be      0x204 Drivers/STM32F7xx_HAL_Driver/Src/stm32f7xx_hal_uart.o

.debug_line     0x0000000000000000     0xb82a
 .debug_line    0x0000000000000000      0x9dc Core/Src/lcd.o
 .debug_line    0x00000000000009dc      0xb8b Core/Src/main.o
 .debug_line    0x0000000000001567      0x9a4 Core/Src/matrix.o
 .debug_line    0x0000000000001f0b      0x789 Core/Src/stm32f7xx_hal_msp.o
 .debug_line    0x0000000000002694      0x7cc Core/Src/stm32f7xx_it.o
 .debug_line    0x0000000000002e60      0x4f8 Core/Src/sysmem.o
 .debug_line    0x0000000000003358      0x771 Core/Src/system_stm32f7xx.o
 .debug_line    0x0000000000003ac9       0x88 Core/Startup/startup_stm32f756zgtx.o
 .debug_line    0x0000000000003b51      0xa02 Drivers/STM32F7xx_HAL_Driver/Src/stm32f7xx_hal.o
 .debug_line    0x0000000000004553     0x124c Drivers/STM32F7xx_HAL_Driver/Src/stm32f7xx_hal_adc.o
 .debug_line    0x000000000000579f      0xc88 Drivers/STM32F7xx_HAL_Driver/Src/stm32f7xx_hal_cortex.o
 .debug_line    0x0000000000006427      0xf56 Drivers/STM32F7xx_HAL_Driver/Src/stm32f7xx_hal_dma.o
 .debug_line    0x000000000000737d      0xb84 Drivers/STM32F7xx_HAL_Driver/Src/stm32f7xx_hal_gpio.o
 .debug_line    0x0000000000007f01      0xe43 Drivers/STM32F7xx_HAL_Driver/Src/stm32f7xx_hal_rcc.o
 .debug_line    0x0000000000008d44      0xdfe Drivers/STM32F7xx_HAL_Driver/Src/stm32f7xx_hal_rcc_ex.o
 .debug_line    0x0000000000009b42     0x1ce8 Drivers/STM32F7xx_HAL_Driver/Src/stm32f7xx_hal_uart.o

.debug_str      0x0000000000000000    0xeda73
 .debug_str     0x0000000000000000    0xea55c Core/Src/lcd.o
                                      0xeacc2 (size before relaxing)
 .debug_str     0x00000000000ea55c      0xbac Core/Src/main.o
                                      0xeb8c7 (size before relaxing)
 .debug_str     0x00000000000eb108       0x9b Core/Src/matrix.o
                                      0xeacfa (size before relaxing)
 .debug_str     0x00000000000eb1a3      0x615 Core/Src/stm32f7xx_hal_msp.o
                                      0xe7860 (size before relaxing)
 .debug_str     0x00000000000eb7b8       0xcf Core/Src/stm32f7xx_it.o
                                      0xe6ff9 (size before relaxing)
 .debug_str     0x00000000000eb887      0x4e9 Core/Src/sysmem.o
                                       0x628e (size before relaxing)
 .debug_str     0x00000000000ebd70      0x178 Core/Src/system_stm32f7xx.o
                                      0xe69b6 (size before relaxing)
 .debug_str     0x00000000000ebee8       0x36 Core/Startup/startup_stm32f756zgtx.o
                                         0x5d (size before relaxing)
 .debug_str     0x00000000000ebf1e      0x38c Drivers/STM32F7xx_HAL_Driver/Src/stm32f7xx_hal.o
                                      0xe728c (size before relaxing)
 .debug_str     0x00000000000ec2aa      0x294 Drivers/STM32F7xx_HAL_Driver/Src/stm32f7xx_hal_adc.o
                                      0xe6e6e (size before relaxing)
 .debug_str     0x00000000000ec53e      0x388 Drivers/STM32F7xx_HAL_Driver/Src/stm32f7xx_hal_cortex.o
                                      0xe7333 (size before relaxing)
 .debug_str     0x00000000000ec8c6      0x328 Drivers/STM32F7xx_HAL_Driver/Src/stm32f7xx_hal_dma.o
                                      0xe6d05 (size before relaxing)
 .debug_str     0x00000000000ecbee      0x244 Drivers/STM32F7xx_HAL_Driver/Src/stm32f7xx_hal_gpio.o
                                      0xe6ba1 (size before relaxing)
 .debug_str     0x00000000000ece32      0x278 Drivers/STM32F7xx_HAL_Driver/Src/stm32f7xx_hal_rcc.o
                                      0xe6ce6 (size before relaxing)
 .debug_str     0x00000000000ed0aa      0x169 Drivers/STM32F7xx_HAL_Driver/Src/stm32f7xx_hal_rcc_ex.o
                                      0xe6c70 (size before relaxing)
 .debug_str     0x00000000000ed213      0x860 Drivers/STM32F7xx_HAL_Driver/Src/stm32f7xx_hal_uart.o
                                      0xe75b6 (size before relaxing)

.comment        0x0000000000000000       0x53
 .comment       0x0000000000000000       0x53 Core/Src/lcd.o
                                         0x54 (size before relaxing)
 .comment       0x0000000000000053       0x54 Core/Src/main.o
 .comment       0x0000000000000053       0x54 Core/Src/matrix.o
 .comment       0x0000000000000053       0x54 Core/Src/stm32f7xx_hal_msp.o
 .comment       0x0000000000000053       0x54 Core/Src/stm32f7xx_it.o
 .comment       0x0000000000000053       0x54 Core/Src/sysmem.o
 .comment       0x0000000000000053       0x54 Core/Src/system_stm32f7xx.o
 .comment       0x0000000000000053       0x54 Drivers/STM32F7xx_HAL_Driver/Src/stm32f7xx_hal.o
 .comment       0x0000000000000053       0x54 Drivers/STM32F7xx_HAL_Driver/Src/stm32f7xx_hal_adc.o
 .comment       0x0000000000000053       0x54 Drivers/STM32F7xx_HAL_Driver/Src/stm32f7xx_hal_cortex.o
 .comment       0x0000000000000053       0x54 Drivers/STM32F7xx_HAL_Driver/Src/stm32f7xx_hal_dma.o
 .comment       0x0000000000000053       0x54 Drivers/STM32F7xx_HAL_Driver/Src/stm32f7xx_hal_gpio.o
 .comment       0x0000000000000053       0x54 Drivers/STM32F7xx_HAL_Driver/Src/stm32f7xx_hal_rcc.o
 .comment       0x0000000000000053       0x54 Drivers/STM32F7xx_HAL_Driver/Src/stm32f7xx_hal_rcc_ex.o
 .comment       0x0000000000000053       0x54 Drivers/STM32F7xx_HAL_Driver/Src/stm32f7xx_hal_uart.o

.debug_frame    0x0000000000000000     0x268c
 .debug_frame   0x0000000000000000      0x120 Core/Src/lcd.o
 .debug_frame   0x0000000000000120       0xf0 Core/Src/main.o
 .debug_frame   0x0000000000000210       0x9c Core/Src/matrix.o
 .debug_frame   0x00000000000002ac       0xc8 Core/Src/stm32f7xx_hal_msp.o
 .debug_frame   0x0000000000000374      0x120 Core/Src/stm32f7xx_it.o
 .debug_frame   0x0000000000000494       0x34 Core/Src/sysmem.o
 .debug_frame   0x00000000000004c8       0x58 Core/Src/system_stm32f7xx.o
 .debug_frame   0x0000000000000520      0x3b4 Drivers/STM32F7xx_HAL_Driver/Src/stm32f7xx_hal.o
 .debug_frame   0x00000000000008d4      0x3fc Drivers/STM32F7xx_HAL_Driver/Src/stm32f7xx_hal_adc.o
 .debug_frame   0x0000000000000cd0      0x498 Drivers/STM32F7xx_HAL_Driver/Src/stm32f7xx_hal_cortex.o
 .debug_frame   0x0000000000001168      0x250 Drivers/STM32F7xx_HAL_Driver/Src/stm32f7xx_hal_dma.o
 .debug_frame   0x00000000000013b8      0x14c Drivers/STM32F7xx_HAL_Driver/Src/stm32f7xx_hal_gpio.o
 .debug_frame   0x0000000000001504      0x1f0 Drivers/STM32F7xx_HAL_Driver/Src/stm32f7xx_hal_rcc.o
 .debug_frame   0x00000000000016f4      0x118 Drivers/STM32F7xx_HAL_Driver/Src/stm32f7xx_hal_rcc_ex.o
 .debug_frame   0x000000000000180c      0x9dc Drivers/STM32F7xx_HAL_Driver/Src/stm32f7xx_hal_uart.o
 .debug_frame   0x00000000000021e8       0x20 c:/st/stm32cubeide_1.6.0/stm32cubeide/plugins/com.st.stm32cube.ide.mcu.externaltools.gnu-tools-for-stm32.9-2020-q2-update.win32_1.5.0.202011040924/tools/bin/../lib/gcc/arm-none-eabi/9.3.1/../../../../arm-none-eabi/lib/thumb/v7e-m+fp/hard\libc_nano.a(lib_a-errno.o)
 .debug_frame   0x0000000000002208       0x2c c:/st/stm32cubeide_1.6.0/stm32cubeide/plugins/com.st.stm32cube.ide.mcu.externaltools.gnu-tools-for-stm32.9-2020-q2-update.win32_1.5.0.202011040924/tools/bin/../lib/gcc/arm-none-eabi/9.3.1/../../../../arm-none-eabi/lib/thumb/v7e-m+fp/hard\libc_nano.a(lib_a-init.o)
 .debug_frame   0x0000000000002234       0x20 c:/st/stm32cubeide_1.6.0/stm32cubeide/plugins/com.st.stm32cube.ide.mcu.externaltools.gnu-tools-for-stm32.9-2020-q2-update.win32_1.5.0.202011040924/tools/bin/../lib/gcc/arm-none-eabi/9.3.1/../../../../arm-none-eabi/lib/thumb/v7e-m+fp/hard\libc_nano.a(lib_a-memset.o)
 .debug_frame   0x0000000000002254       0x6c c:/st/stm32cubeide_1.6.0/stm32cubeide/plugins/com.st.stm32cube.ide.mcu.externaltools.gnu-tools-for-stm32.9-2020-q2-update.win32_1.5.0.202011040924/tools/bin/../lib/gcc/arm-none-eabi/9.3.1/../../../../arm-none-eabi/lib/thumb/v7e-m+fp/hard\libc_nano.a(lib_a-sprintf.o)
 .debug_frame   0x00000000000022c0       0x90 c:/st/stm32cubeide_1.6.0/stm32cubeide/plugins/com.st.stm32cube.ide.mcu.externaltools.gnu-tools-for-stm32.9-2020-q2-update.win32_1.5.0.202011040924/tools/bin/../lib/gcc/arm-none-eabi/9.3.1/../../../../arm-none-eabi/lib/thumb/v7e-m+fp/hard\libc_nano.a(lib_a-nano-svfprintf.o)
 .debug_frame   0x0000000000002350       0x60 c:/st/stm32cubeide_1.6.0/stm32cubeide/plugins/com.st.stm32cube.ide.mcu.externaltools.gnu-tools-for-stm32.9-2020-q2-update.win32_1.5.0.202011040924/tools/bin/../lib/gcc/arm-none-eabi/9.3.1/../../../../arm-none-eabi/lib/thumb/v7e-m+fp/hard\libc_nano.a(lib_a-nano-vfprintf_i.o)
 .debug_frame   0x00000000000023b0       0x28 c:/st/stm32cubeide_1.6.0/stm32cubeide/plugins/com.st.stm32cube.ide.mcu.externaltools.gnu-tools-for-stm32.9-2020-q2-update.win32_1.5.0.202011040924/tools/bin/../lib/gcc/arm-none-eabi/9.3.1/../../../../arm-none-eabi/lib/thumb/v7e-m+fp/hard\libc_nano.a(lib_a-memcpy-stub.o)
 .debug_frame   0x00000000000023d8       0x28 c:/st/stm32cubeide_1.6.0/stm32cubeide/plugins/com.st.stm32cube.ide.mcu.externaltools.gnu-tools-for-stm32.9-2020-q2-update.win32_1.5.0.202011040924/tools/bin/../lib/gcc/arm-none-eabi/9.3.1/../../../../arm-none-eabi/lib/thumb/v7e-m+fp/hard\libc_nano.a(lib_a-memmove.o)
 .debug_frame   0x0000000000002400       0x38 c:/st/stm32cubeide_1.6.0/stm32cubeide/plugins/com.st.stm32cube.ide.mcu.externaltools.gnu-tools-for-stm32.9-2020-q2-update.win32_1.5.0.202011040924/tools/bin/../lib/gcc/arm-none-eabi/9.3.1/../../../../arm-none-eabi/lib/thumb/v7e-m+fp/hard\libc_nano.a(lib_a-nano-freer.o)
 .debug_frame   0x0000000000002438       0x30 c:/st/stm32cubeide_1.6.0/stm32cubeide/plugins/com.st.stm32cube.ide.mcu.externaltools.gnu-tools-for-stm32.9-2020-q2-update.win32_1.5.0.202011040924/tools/bin/../lib/gcc/arm-none-eabi/9.3.1/../../../../arm-none-eabi/lib/thumb/v7e-m+fp/hard\libc_nano.a(lib_a-nano-mallocr.o)
 .debug_frame   0x0000000000002468       0x3c c:/st/stm32cubeide_1.6.0/stm32cubeide/plugins/com.st.stm32cube.ide.mcu.externaltools.gnu-tools-for-stm32.9-2020-q2-update.win32_1.5.0.202011040924/tools/bin/../lib/gcc/arm-none-eabi/9.3.1/../../../../arm-none-eabi/lib/thumb/v7e-m+fp/hard\libc_nano.a(lib_a-nano-reallocr.o)
 .debug_frame   0x00000000000024a4       0x2c c:/st/stm32cubeide_1.6.0/stm32cubeide/plugins/com.st.stm32cube.ide.mcu.externaltools.gnu-tools-for-stm32.9-2020-q2-update.win32_1.5.0.202011040924/tools/bin/../lib/gcc/arm-none-eabi/9.3.1/../../../../arm-none-eabi/lib/thumb/v7e-m+fp/hard\libc_nano.a(lib_a-sbrkr.o)
 .debug_frame   0x00000000000024d0       0x30 c:/st/stm32cubeide_1.6.0/stm32cubeide/plugins/com.st.stm32cube.ide.mcu.externaltools.gnu-tools-for-stm32.9-2020-q2-update.win32_1.5.0.202011040924/tools/bin/../lib/gcc/arm-none-eabi/9.3.1/../../../../arm-none-eabi/lib/thumb/v7e-m+fp/hard\libc_nano.a(lib_a-mlock.o)
 .debug_frame   0x0000000000002500       0x20 c:/st/stm32cubeide_1.6.0/stm32cubeide/plugins/com.st.stm32cube.ide.mcu.externaltools.gnu-tools-for-stm32.9-2020-q2-update.win32_1.5.0.202011040924/tools/bin/../lib/gcc/arm-none-eabi/9.3.1/../../../../arm-none-eabi/lib/thumb/v7e-m+fp/hard\libc_nano.a(lib_a-nano-msizer.o)
 .debug_frame   0x0000000000002520       0x5c c:/st/stm32cubeide_1.6.0/stm32cubeide/plugins/com.st.stm32cube.ide.mcu.externaltools.gnu-tools-for-stm32.9-2020-q2-update.win32_1.5.0.202011040924/tools/bin/../lib/gcc/arm-none-eabi/9.3.1/../../../../arm-none-eabi/lib/thumb/v7e-m+fp/hard\libc_nano.a(lib_a-reent.o)
 .debug_frame   0x000000000000257c       0xb0 c:/st/stm32cubeide_1.6.0/stm32cubeide/plugins/com.st.stm32cube.ide.mcu.externaltools.gnu-tools-for-stm32.9-2020-q2-update.win32_1.5.0.202011040924/tools/bin/../lib/gcc/arm-none-eabi/9.3.1/../../../../arm-none-eabi/lib/thumb/v7e-m+fp/hard\libc_nano.a(lib_a-lock.o)
 .debug_frame   0x000000000000262c       0x2c c:/st/stm32cubeide_1.6.0/stm32cubeide/plugins/com.st.stm32cube.ide.mcu.externaltools.gnu-tools-for-stm32.9-2020-q2-update.win32_1.5.0.202011040924/tools/bin/../lib/gcc/arm-none-eabi/9.3.1/thumb/v7e-m+fp/hard\libgcc.a(_aeabi_uldivmod.o)
 .debug_frame   0x0000000000002658       0x34 c:/st/stm32cubeide_1.6.0/stm32cubeide/plugins/com.st.stm32cube.ide.mcu.externaltools.gnu-tools-for-stm32.9-2020-q2-update.win32_1.5.0.202011040924/tools/bin/../lib/gcc/arm-none-eabi/9.3.1/thumb/v7e-m+fp/hard\libgcc.a(_udivmoddi4.o)
